Archive member included to satisfy reference by file (symbol)

/opt/st/stm32cubeide_1.6.0/plugins/com.st.stm32cube.ide.mcu.externaltools.gnu-tools-for-stm32.9-2020-q2-update.linux64_1.5.0.202011040924/tools/bin/../lib/gcc/arm-none-eabi/9.3.1/../../../../arm-none-eabi/lib/thumb/v7e-m+dp/hard/libc_nano.a(lib_a-errno.o)
                              Core/Src/syscalls.o (__errno)
/opt/st/stm32cubeide_1.6.0/plugins/com.st.stm32cube.ide.mcu.externaltools.gnu-tools-for-stm32.9-2020-q2-update.linux64_1.5.0.202011040924/tools/bin/../lib/gcc/arm-none-eabi/9.3.1/../../../../arm-none-eabi/lib/thumb/v7e-m+dp/hard/libc_nano.a(lib_a-exit.o)
                              /opt/st/stm32cubeide_1.6.0/plugins/com.st.stm32cube.ide.mcu.externaltools.gnu-tools-for-stm32.9-2020-q2-update.linux64_1.5.0.202011040924/tools/bin/../lib/gcc/arm-none-eabi/9.3.1/../../../../arm-none-eabi/lib/thumb/v7e-m+dp/hard/crt0.o (exit)
/opt/st/stm32cubeide_1.6.0/plugins/com.st.stm32cube.ide.mcu.externaltools.gnu-tools-for-stm32.9-2020-q2-update.linux64_1.5.0.202011040924/tools/bin/../lib/gcc/arm-none-eabi/9.3.1/../../../../arm-none-eabi/lib/thumb/v7e-m+dp/hard/libc_nano.a(lib_a-impure.o)
                              /opt/st/stm32cubeide_1.6.0/plugins/com.st.stm32cube.ide.mcu.externaltools.gnu-tools-for-stm32.9-2020-q2-update.linux64_1.5.0.202011040924/tools/bin/../lib/gcc/arm-none-eabi/9.3.1/../../../../arm-none-eabi/lib/thumb/v7e-m+dp/hard/libc_nano.a(lib_a-exit.o) (_global_impure_ptr)
/opt/st/stm32cubeide_1.6.0/plugins/com.st.stm32cube.ide.mcu.externaltools.gnu-tools-for-stm32.9-2020-q2-update.linux64_1.5.0.202011040924/tools/bin/../lib/gcc/arm-none-eabi/9.3.1/../../../../arm-none-eabi/lib/thumb/v7e-m+dp/hard/libc_nano.a(lib_a-init.o)
                              /opt/st/stm32cubeide_1.6.0/plugins/com.st.stm32cube.ide.mcu.externaltools.gnu-tools-for-stm32.9-2020-q2-update.linux64_1.5.0.202011040924/tools/bin/../lib/gcc/arm-none-eabi/9.3.1/../../../../arm-none-eabi/lib/thumb/v7e-m+dp/hard/crt0.o (__libc_init_array)
/opt/st/stm32cubeide_1.6.0/plugins/com.st.stm32cube.ide.mcu.externaltools.gnu-tools-for-stm32.9-2020-q2-update.linux64_1.5.0.202011040924/tools/bin/../lib/gcc/arm-none-eabi/9.3.1/../../../../arm-none-eabi/lib/thumb/v7e-m+dp/hard/libc_nano.a(lib_a-memset.o)
                              /opt/st/stm32cubeide_1.6.0/plugins/com.st.stm32cube.ide.mcu.externaltools.gnu-tools-for-stm32.9-2020-q2-update.linux64_1.5.0.202011040924/tools/bin/../lib/gcc/arm-none-eabi/9.3.1/../../../../arm-none-eabi/lib/thumb/v7e-m+dp/hard/crt0.o (memset)
/opt/st/stm32cubeide_1.6.0/plugins/com.st.stm32cube.ide.mcu.externaltools.gnu-tools-for-stm32.9-2020-q2-update.linux64_1.5.0.202011040924/tools/bin/../lib/gcc/arm-none-eabi/9.3.1/../../../../arm-none-eabi/lib/thumb/v7e-m+dp/hard/libc_nano.a(lib_a-sprintf.o)
                              Core/Src/main.o (sprintf)
/opt/st/stm32cubeide_1.6.0/plugins/com.st.stm32cube.ide.mcu.externaltools.gnu-tools-for-stm32.9-2020-q2-update.linux64_1.5.0.202011040924/tools/bin/../lib/gcc/arm-none-eabi/9.3.1/../../../../arm-none-eabi/lib/thumb/v7e-m+dp/hard/libc_nano.a(lib_a-nano-svfprintf.o)
                              /opt/st/stm32cubeide_1.6.0/plugins/com.st.stm32cube.ide.mcu.externaltools.gnu-tools-for-stm32.9-2020-q2-update.linux64_1.5.0.202011040924/tools/bin/../lib/gcc/arm-none-eabi/9.3.1/../../../../arm-none-eabi/lib/thumb/v7e-m+dp/hard/libc_nano.a(lib_a-sprintf.o) (_svfprintf_r)
/opt/st/stm32cubeide_1.6.0/plugins/com.st.stm32cube.ide.mcu.externaltools.gnu-tools-for-stm32.9-2020-q2-update.linux64_1.5.0.202011040924/tools/bin/../lib/gcc/arm-none-eabi/9.3.1/../../../../arm-none-eabi/lib/thumb/v7e-m+dp/hard/libc_nano.a(lib_a-nano-vfprintf_i.o)
                              /opt/st/stm32cubeide_1.6.0/plugins/com.st.stm32cube.ide.mcu.externaltools.gnu-tools-for-stm32.9-2020-q2-update.linux64_1.5.0.202011040924/tools/bin/../lib/gcc/arm-none-eabi/9.3.1/../../../../arm-none-eabi/lib/thumb/v7e-m+dp/hard/libc_nano.a(lib_a-nano-svfprintf.o) (_printf_i)
/opt/st/stm32cubeide_1.6.0/plugins/com.st.stm32cube.ide.mcu.externaltools.gnu-tools-for-stm32.9-2020-q2-update.linux64_1.5.0.202011040924/tools/bin/../lib/gcc/arm-none-eabi/9.3.1/../../../../arm-none-eabi/lib/thumb/v7e-m+dp/hard/libc_nano.a(lib_a-memchr.o)
                              /opt/st/stm32cubeide_1.6.0/plugins/com.st.stm32cube.ide.mcu.externaltools.gnu-tools-for-stm32.9-2020-q2-update.linux64_1.5.0.202011040924/tools/bin/../lib/gcc/arm-none-eabi/9.3.1/../../../../arm-none-eabi/lib/thumb/v7e-m+dp/hard/libc_nano.a(lib_a-nano-svfprintf.o) (memchr)
/opt/st/stm32cubeide_1.6.0/plugins/com.st.stm32cube.ide.mcu.externaltools.gnu-tools-for-stm32.9-2020-q2-update.linux64_1.5.0.202011040924/tools/bin/../lib/gcc/arm-none-eabi/9.3.1/../../../../arm-none-eabi/lib/thumb/v7e-m+dp/hard/libc_nano.a(lib_a-memcpy-stub.o)
[...]
Memory Configuration

Name             Origin             Length             Attributes
RAM              0x0000000020000000 0x0000000000080000 xrw
FLASH            0x0000000008000000 0x0000000000200000 xr
*default*        0x0000000000000000 0xffffffffffffffff

Linker script and memory map

LOAD /opt/st/stm32cubeide_1.6.0/plugins/com.st.stm32cube.ide.mcu.externaltools.gnu-tools-for-stm32.9-2020-q2-update.linux64_1.5.0.202011040924/tools/bin/../lib/gcc/arm-none-eabi/9.3.1/thumb/v7e-m+dp/hard/crti.o
LOAD /opt/st/stm32cubeide_1.6.0/plugins/com.st.stm32cube.ide.mcu.externaltools.gnu-tools-for-stm32.9-2020-q2-update.linux64_1.5.0.202011040924/tools/bin/../lib/gcc/arm-none-eabi/9.3.1/thumb/v7e-m+dp/hard/crtbegin.o
LOAD /opt/st/stm32cubeide_1.6.0/plugins/com.st.stm32cube.ide.mcu.externaltools.gnu-tools-for-stm32.9-2020-q2-update.linux64_1.5.0.202011040924/tools/bin/../lib/gcc/arm-none-eabi/9.3.1/../../../../arm-none-eabi/lib/thumb/v7e-m+dp/hard/crt0.o
LOAD Core/Src/SPI.o
LOAD Core/Src/UART.o
LOAD Core/Src/main.o
LOAD Core/Src/peripherals.o
LOAD Core/Src/stm32f7xx_hal_msp.o
LOAD Core/Src/stm32f7xx_it.o
LOAD Core/Src/syscalls.o
LOAD Core/Src/sysmem.o
LOAD Core/Src/system_stm32f7xx.o
LOAD Core/Startup/startup_stm32f767zitx.o
LOAD Drivers/STM32F7xx_HAL_Driver/Src/stm32f7xx_hal.o
LOAD Drivers/STM32F7xx_HAL_Driver/Src/stm32f7xx_hal_cortex.o
LOAD Drivers/STM32F7xx_HAL_Driver/Src/stm32f7xx_hal_dma.o
LOAD Drivers/STM32F7xx_HAL_Driver/Src/stm32f7xx_hal_dma_ex.o
LOAD Drivers/STM32F7xx_HAL_Driver/Src/stm32f7xx_hal_eth.o
LOAD Drivers/STM32F7xx_HAL_Driver/Src/stm32f7xx_hal_exti.o
LOAD Drivers/STM32F7xx_HAL_Driver/Src/stm32f7xx_hal_flash.o
LOAD Drivers/STM32F7xx_HAL_Driver/Src/stm32f7xx_hal_flash_ex.o
LOAD Drivers/STM32F7xx_HAL_Driver/Src/stm32f7xx_hal_gpio.o
LOAD Drivers/STM32F7xx_HAL_Driver/Src/stm32f7xx_hal_i2c.o
LOAD Drivers/STM32F7xx_HAL_Driver/Src/stm32f7xx_hal_i2c_ex.o
LOAD Drivers/STM32F7xx_HAL_Driver/Src/stm32f7xx_hal_pcd.o
LOAD Drivers/STM32F7xx_HAL_Driver/Src/stm32f7xx_hal_pcd_ex.o
LOAD Drivers/STM32F7xx_HAL_Driver/Src/stm32f7xx_hal_pwr.o
LOAD Drivers/STM32F7xx_HAL_Driver/Src/stm32f7xx_hal_pwr_ex.o
LOAD Drivers/STM32F7xx_HAL_Driver/Src/stm32f7xx_hal_rcc.o
LOAD Drivers/STM32F7xx_HAL_Driver/Src/stm32f7xx_hal_rcc_ex.o
LOAD Drivers/STM32F7xx_HAL_Driver/Src/stm32f7xx_hal_tim.o
LOAD Drivers/STM32F7xx_HAL_Driver/Src/stm32f7xx_hal_tim_ex.o
LOAD Drivers/STM32F7xx_HAL_Driver/Src/stm32f7xx_hal_uart.o
LOAD Drivers/STM32F7xx_HAL_Driver/Src/stm32f7xx_hal_uart_ex.o
LOAD Drivers/STM32F7xx_HAL_Driver/Src/stm32f7xx_ll_usb.o
START GROUP
LOAD /opt/st/stm32cubeide_1.6.0/plugins/com.st.stm32cube.ide.mcu.externaltools.gnu-tools-for-stm32.9-2020-q2-update.linux64_1.5.0.202011040924/tools/bin/../lib/gcc/arm-none-eabi/9.3.1/../../../../arm-none-eabi/lib/thumb/v7e-m+dp/hard/libc_nano.a
LOAD /opt/st/stm32cubeide_1.6.0/plugins/com.st.stm32cube.ide.mcu.externaltools.gnu-tools-for-stm32.9-2020-q2-update.linux64_1.5.0.202011040924/tools/bin/../lib/gcc/arm-none-eabi/9.3.1/../../../../arm-none-eabi/lib/thumb/v7e-m+dp/hard/libm.a
END GROUP
START GROUP
LOAD /opt/st/stm32cubeide_1.6.0/plugins/com.st.stm32cube.ide.mcu.externaltools.gnu-tools-for-stm32.9-2020-q2-update.linux64_1.5.0.202011040924/tools/bin/../lib/gcc/arm-none-eabi/9.3.1/thumb/v7e-m+dp/hard/libgcc.a
LOAD /opt/st/stm32cubeide_1.6.0/plugins/com.st.stm32cube.ide.mcu.externaltools.gnu-tools-for-stm32.9-2020-q2-update.linux64_1.5.0.202011040924/tools/bin/../lib/gcc/arm-none-eabi/9.3.1/../../../../arm-none-eabi/lib/thumb/v7e-m+dp/hard/libc_nano.a
END GROUP
START GROUP
LOAD /opt/st/stm32cubeide_1.6.0/plugins/com.st.stm32cube.ide.mcu.externaltools.gnu-tools-for-stm32.9-2020-q2-update.linux64_1.5.0.202011040924/tools/bin/../lib/gcc/arm-none-eabi/9.3.1/thumb/v7e-m+dp/hard/libgcc.a
LOAD /opt/st/stm32cubeide_1.6.0/plugins/com.st.stm32cube.ide.mcu.externaltools.gnu-tools-for-stm32.9-2020-q2-update.linux64_1.5.0.202011040924/tools/bin/../lib/gcc/arm-none-eabi/9.3.1/../../../../arm-none-eabi/lib/thumb/v7e-m+dp/hard/libc_nano.a
LOAD /opt/st/stm32cubeide_1.6.0/plugins/com.st.stm32cube.ide.mcu.externaltools.gnu-tools-for-stm32.9-2020-q2-update.linux64_1.5.0.202011040924/tools/bin/../lib/gcc/arm-none-eabi/9.3.1/../../../../arm-none-eabi/lib/thumb/v7e-m+dp/hard/libnosys.a
END GROUP
START GROUP
LOAD /opt/st/stm32cubeide_1.6.0/plugins/com.st.stm32cube.ide.mcu.externaltools.gnu-tools-for-stm32.9-2020-q2-update.linux64_1.5.0.202011040924/tools/bin/../lib/gcc/arm-none-eabi/9.3.1/thumb/v7e-m+dp/hard/libgcc.a
LOAD /opt/st/stm32cubeide_1.6.0/plugins/com.st.stm32cube.ide.mcu.externaltools.gnu-tools-for-stm32.9-2020-q2-update.linux64_1.5.0.202011040924/tools/bin/../lib/gcc/arm-none-eabi/9.3.1/../../../../arm-none-eabi/lib/thumb/v7e-m+dp/hard/libc_nano.a
LOAD /opt/st/stm32cubeide_1.6.0/plugins/com.st.stm32cube.ide.mcu.externaltools.gnu-tools-for-stm32.9-2020-q2-update.linux64_1.5.0.202011040924/tools/bin/../lib/gcc/arm-none-eabi/9.3.1/../../../../arm-none-eabi/lib/thumb/v7e-m+dp/hard/libnosys.a
END GROUP
LOAD /opt/st/stm32cubeide_1.6.0/plugins/com.st.stm32cube.ide.mcu.externaltools.gnu-tools-for-stm32.9-2020-q2-update.linux64_1.5.0.202011040924/tools/bin/../lib/gcc/arm-none-eabi/9.3.1/thumb/v7e-m+dp/hard/crtend.o
LOAD /opt/st/stm32cubeide_1.6.0/plugins/com.st.stm32cube.ide.mcu.externaltools.gnu-tools-for-stm32.9-2020-q2-update.linux64_1.5.0.202011040924/tools/bin/../lib/gcc/arm-none-eabi/9.3.1/thumb/v7e-m+dp/hard/crtn.o
                0x0000000020080000                _estack = (ORIGIN (RAM) + LENGTH (RAM))
                0x0000000000000200                _Min_Heap_Size = 0x200
                0x0000000000000400                _Min_Stack_Size = 0x400

.isr_vector     0x0000000008000000      0x1f8
                0x0000000008000000                . = ALIGN (0x4)
 *(.isr_vector)
 .isr_vector    0x0000000008000000      0x1f8 Core/Startup/startup_stm32f767zitx.o
                0x0000000008000000                g_pfnVectors
                0x00000000080001f8                . = ALIGN (0x4)

.text           0x0000000008000200     0x3168
                0x0000000008000200                . = ALIGN (0x4)
 *(.text)
 .text          0x0000000008000200       0x40 /opt/st/stm32cubeide_1.6.0/plugins/com.st.stm32cube.ide.mcu.externaltools.gnu-tools-for-stm32.9-2020-q2-update.linux64_1.5.0.202011040924/tools/bin/../lib/gcc/arm-none-eabi/9.3.1/thumb/v7e-m+dp/hard/crtbegin.o
 .text          0x0000000008000240       0xa0 /opt/st/stm32cubeide_1.6.0/plugins/com.st.stm32cube.ide.mcu.externaltools.gnu-tools-for-stm32.9-2020-q2-update.linux64_1.5.0.202011040924/tools/bin/../lib/gcc/arm-none-eabi/9.3.1/../../../../arm-none-eabi/lib/thumb/v7e-m+dp/hard/libc_nano.a(lib_a-memchr.o)
                0x0000000008000240                memchr
 .text          0x00000000080002e0       0x30 /opt/st/stm32cubeide_1.6.0/plugins/com.st.stm32cube.ide.mcu.externaltools.gnu-tools-for-stm32.9-2020-q2-update.linux64_1.5.0.202011040924/tools/bin/../lib/gcc/arm-none-eabi/9.3.1/thumb/v7e-m+dp/hard/libgcc.a(_aeabi_uldivmod.o)
                0x00000000080002e0                __aeabi_uldivmod
 .text          0x0000000008000310      0x2c4 /opt/st/stm32cubeide_1.6.0/plugins/com.st.stm32cube.ide.mcu.externaltools.gnu-tools-for-stm32.9-2020-q2-update.linux64_1.5.0.202011040924/tools/bin/../lib/gcc/arm-none-eabi/9.3.1/thumb/v7e-m+dp/hard/libgcc.a(_udivmoddi4.o)
                0x0000000008000310                __udivmoddi4
 .text          0x00000000080005d4        0x4 /opt/st/stm32cubeide_1.6.0/plugins/com.st.stm32cube.ide.mcu.externaltools.gnu-tools-for-stm32.9-2020-q2-update.linux64_1.5.0.202011040924/tools/bin/../lib/gcc/arm-none-eabi/9.3.1/thumb/v7e-m+dp/hard/libgcc.a(_dvmd_tls.o)
                0x00000000080005d4                __aeabi_ldiv0
                0x00000000080005d4                __aeabi_idiv0
 *(.text*)
 .text.SPI_Setup
                0x00000000080005d8       0x5c Core/Src/SPI.o
                0x00000000080005d8                SPI_Setup
 .text.SPI_DMA_Setup
                0x0000000008000634       0x5c Core/Src/SPI.o
                0x0000000008000634                SPI_DMA_Setup
 .text.TIMER2_Setup
                0x0000000008000690       0x88 Core/Src/SPI.o
                0x0000000008000690                TIMER2_Setup
 .text.TIMER3_Setup
                0x0000000008000718       0x70 Core/Src/SPI.o
                0x0000000008000718                TIMER3_Setup
 .text.SPI_In_Progress
                0x0000000008000788       0x24 Core/Src/SPI.o
                0x0000000008000788                SPI_In_Progress
 .text.SPI_Communicate
                0x00000000080007ac       0x90 Core/Src/SPI.o
                0x00000000080007ac                SPI_Communicate
 .text.UART_Setup
                0x000000000800083c       0x4c Core/Src/UART.o
                0x000000000800083c                UART_Setup
 .text.UART_DMA_Setup
                0x0000000008000888       0x3c Core/Src/UART.o
                0x0000000008000888                UART_DMA_Setup
 .text.UART_Transmit
                0x00000000080008c4       0x50 Core/Src/UART.o
                0x00000000080008c4                UART_Transmit
 .text.UART_Buffer_Is_Free
                0x0000000008000914       0x24 Core/Src/UART.o
                0x0000000008000914                UART_Buffer_Is_Free
 .text.main     0x0000000008000938      0x1d4 Core/Src/main.o
                0x0000000008000938                main
 .text.SystemClock_Config
                0x0000000008000b0c      0x12c Core/Src/main.o
                0x0000000008000b0c                SystemClock_Config
 .text.Clean    0x0000000008000c38       0x24 Core/Src/main.o
                0x0000000008000c38                Clean
 .text.Delay    0x0000000008000c5c       0x5c Core/Src/main.o
                0x0000000008000c5c                Delay
 .text.Flange   0x0000000008000cb8       0x88 Core/Src/main.o
                0x0000000008000cb8                Flange
 .text.Phaser_Stage
                0x0000000008000d40       0xdc Core/Src/main.o
                0x0000000008000d40                Phaser_Stage
 .text.Phaser   0x0000000008000e1c      0x10c Core/Src/main.o
                0x0000000008000e1c                Phaser
 .text.Reverb   0x0000000008000f28       0xcc Core/Src/main.o
                0x0000000008000f28                Reverb
 .text.Sin_Delay
                0x0000000008000ff4       0x88 Core/Src/main.o
                0x0000000008000ff4                Sin_Delay
 .text.TIM3_IRQHandler
                0x000000000800107c       0x64 Core/Src/main.o
                0x000000000800107c                TIM3_IRQHandler
 .text.Configure_MCP3561R
                0x00000000080010e0       0xcc Core/Src/main.o
                0x00000000080010e0                Configure_MCP3561R
 .text.Error_Handler
                0x00000000080011ac        0xa Core/Src/main.o
                0x00000000080011ac                Error_Handler
 *fill*         0x00000000080011b6        0x2 
 .text.GPIO_Setup
                0x00000000080011b8       0xc4 Core/Src/peripherals.o
                0x00000000080011b8                GPIO_Setup
 .text.TIMER4_Setup
                0x000000000800127c       0x6c Core/Src/peripherals.o
                0x000000000800127c                TIMER4_Setup
 .text.TIMER5_Setup
                0x00000000080012e8       0x48 Core/Src/peripherals.o
                0x00000000080012e8                TIMER5_Setup
 .text.TIMER6_Setup
                0x0000000008001330       0x48 Core/Src/peripherals.o
                0x0000000008001330                TIMER6_Setup
 .text.TIMER12_Setup
                0x0000000008001378       0x48 Core/Src/peripherals.o
                0x0000000008001378                TIMER12_Setup
 .text.ADC_Setup
                0x00000000080013c0       0x7c Core/Src/peripherals.o
                0x00000000080013c0                ADC_Setup
 .text.HAL_MspInit
                0x000000000800143c       0x48 Core/Src/stm32f7xx_hal_msp.o
                0x000000000800143c                HAL_MspInit
 .text.NMI_Handler
                0x0000000008001484        0x6 Core/Src/stm32f7xx_it.o
                0x0000000008001484                NMI_Handler
 .text.HardFault_Handler
                0x000000000800148a        0x6 Core/Src/stm32f7xx_it.o
                0x000000000800148a                HardFault_Handler
 .text.MemManage_Handler
                0x0000000008001490        0x6 Core/Src/stm32f7xx_it.o
                0x0000000008001490                MemManage_Handler
 .text.BusFault_Handler
                0x0000000008001496        0x6 Core/Src/stm32f7xx_it.o
                0x0000000008001496                BusFault_Handler
 .text.UsageFault_Handler
                0x000000000800149c        0x6 Core/Src/stm32f7xx_it.o
                0x000000000800149c                UsageFault_Handler
 .text.SVC_Handler
                0x00000000080014a2        0xe Core/Src/stm32f7xx_it.o
                0x00000000080014a2                SVC_Handler
 .text.DebugMon_Handler
                0x00000000080014b0        0xe Core/Src/stm32f7xx_it.o
                0x00000000080014b0                DebugMon_Handler
 .text.PendSV_Handler
                0x00000000080014be        0xe Core/Src/stm32f7xx_it.o
                0x00000000080014be                PendSV_Handler
 .text.SysTick_Handler
                0x00000000080014cc        0xc Core/Src/stm32f7xx_it.o
                0x00000000080014cc                SysTick_Handler
 .text._sbrk    0x00000000080014d8       0x6c Core/Src/sysmem.o
                0x00000000080014d8                _sbrk
 .text.SystemInit
                0x0000000008001544       0x24 Core/Src/system_stm32f7xx.o
                0x0000000008001544                SystemInit
 .text.Reset_Handler
                0x0000000008001568       0x50 Core/Startup/startup_stm32f767zitx.o
                0x0000000008001568                Reset_Handler
 .text.Default_Handler
                0x00000000080015b8        0x2 Core/Startup/startup_stm32f767zitx.o
                0x00000000080015b8                RTC_Alarm_IRQHandler
                0x00000000080015b8                EXTI2_IRQHandler
                0x00000000080015b8                TIM8_CC_IRQHandler
                0x00000000080015b8                UART8_IRQHandler
                0x00000000080015b8                SPI4_IRQHandler
                0x00000000080015b8                TIM1_CC_IRQHandler
                0x00000000080015b8                DMA2_Stream5_IRQHandler
                0x00000000080015b8                JPEG_IRQHandler
                0x00000000080015b8                DMA1_Stream5_IRQHandler
                0x00000000080015b8                CAN3_RX1_IRQHandler
                0x00000000080015b8                PVD_IRQHandler
                0x00000000080015b8                TAMP_STAMP_IRQHandler
                0x00000000080015b8                CAN2_RX1_IRQHandler
                0x00000000080015b8                EXTI3_IRQHandler
                0x00000000080015b8                TIM8_TRG_COM_TIM14_IRQHandler
                0x00000000080015b8                DFSDM1_FLT1_IRQHandler
                0x00000000080015b8                TIM1_UP_TIM10_IRQHandler
                0x00000000080015b8                TIM8_UP_TIM13_IRQHandler
                0x00000000080015b8                I2C3_ER_IRQHandler
                0x00000000080015b8                DFSDM1_FLT2_IRQHandler
                0x00000000080015b8                EXTI0_IRQHandler
                0x00000000080015b8                I2C2_EV_IRQHandler
                0x00000000080015b8                DMA1_Stream2_IRQHandler
                0x00000000080015b8                CAN1_RX0_IRQHandler
                0x00000000080015b8                FPU_IRQHandler
                0x00000000080015b8                OTG_HS_WKUP_IRQHandler
                0x00000000080015b8                CAN3_SCE_IRQHandler
                0x00000000080015b8                LTDC_ER_IRQHandler
                0x00000000080015b8                CAN2_SCE_IRQHandler
                0x00000000080015b8                DMA2_Stream2_IRQHandler
                0x00000000080015b8                SPI1_IRQHandler
                0x00000000080015b8                TIM6_DAC_IRQHandler
                0x00000000080015b8                TIM1_BRK_TIM9_IRQHandler
                0x00000000080015b8                DCMI_IRQHandler
                0x00000000080015b8                CAN2_RX0_IRQHandler
                0x00000000080015b8                DMA2_Stream3_IRQHandler
                0x00000000080015b8                SAI2_IRQHandler
                0x00000000080015b8                DFSDM1_FLT3_IRQHandler
                0x00000000080015b8                USART6_IRQHandler
                0x00000000080015b8                CAN3_RX0_IRQHandler
                0x00000000080015b8                USART3_IRQHandler
                0x00000000080015b8                CAN1_RX1_IRQHandler
                0x00000000080015b8                UART5_IRQHandler
                0x00000000080015b8                DMA2_Stream0_IRQHandler
                0x00000000080015b8                TIM4_IRQHandler
                0x00000000080015b8                QUADSPI_IRQHandler
                0x00000000080015b8                I2C1_EV_IRQHandler
                0x00000000080015b8                DMA1_Stream6_IRQHandler
                0x00000000080015b8                DMA1_Stream1_IRQHandler
                0x00000000080015b8                UART4_IRQHandler
                0x00000000080015b8                RCC_IRQHandler
                0x00000000080015b8                TIM8_BRK_TIM12_IRQHandler
                0x00000000080015b8                Default_Handler
                0x00000000080015b8                CEC_IRQHandler
                0x00000000080015b8                EXTI15_10_IRQHandler
                0x00000000080015b8                ADC_IRQHandler
                0x00000000080015b8                DMA1_Stream7_IRQHandler
                0x00000000080015b8                SPI5_IRQHandler
                0x00000000080015b8                TIM7_IRQHandler
                0x00000000080015b8                SDMMC1_IRQHandler
                0x00000000080015b8                CAN2_TX_IRQHandler
                0x00000000080015b8                TIM5_IRQHandler
                0x00000000080015b8                DMA2_Stream7_IRQHandler
                0x00000000080015b8                I2C3_EV_IRQHandler
                0x00000000080015b8                EXTI9_5_IRQHandler
                0x00000000080015b8                RTC_WKUP_IRQHandler
                0x00000000080015b8                LTDC_IRQHandler
                0x00000000080015b8                ETH_WKUP_IRQHandler
                0x00000000080015b8                SPDIF_RX_IRQHandler
                0x00000000080015b8                SPI2_IRQHandler
                0x00000000080015b8                OTG_HS_EP1_IN_IRQHandler
                0x00000000080015b8                DMA1_Stream0_IRQHandler
                0x00000000080015b8                CAN1_TX_IRQHandler
                0x00000000080015b8                EXTI4_IRQHandler
                0x00000000080015b8                RNG_IRQHandler
                0x00000000080015b8                ETH_IRQHandler
                0x00000000080015b8                OTG_HS_EP1_OUT_IRQHandler
                0x00000000080015b8                WWDG_IRQHandler
                0x00000000080015b8                SPI6_IRQHandler
                0x00000000080015b8                MDIOS_IRQHandler
                0x00000000080015b8                I2C4_EV_IRQHandler
                0x00000000080015b8                CAN3_TX_IRQHandler
                0x00000000080015b8                TIM2_IRQHandler
                0x00000000080015b8                OTG_FS_WKUP_IRQHandler
                0x00000000080015b8                TIM1_TRG_COM_TIM11_IRQHandler
                0x00000000080015b8                OTG_HS_IRQHandler
                0x00000000080015b8                DMA2D_IRQHandler
                0x00000000080015b8                EXTI1_IRQHandler
                0x00000000080015b8                SDMMC2_IRQHandler
                0x00000000080015b8                UART7_IRQHandler
                0x00000000080015b8                USART2_IRQHandler
                0x00000000080015b8                DFSDM1_FLT0_IRQHandler
                0x00000000080015b8                I2C2_ER_IRQHandler
                0x00000000080015b8                DMA2_Stream1_IRQHandler
                0x00000000080015b8                CAN1_SCE_IRQHandler
                0x00000000080015b8                FLASH_IRQHandler
                0x00000000080015b8                DMA2_Stream4_IRQHandler
                0x00000000080015b8                USART1_IRQHandler
                0x00000000080015b8                OTG_FS_IRQHandler
                0x00000000080015b8                SPI3_IRQHandler
                0x00000000080015b8                DMA1_Stream4_IRQHandler
                0x00000000080015b8                I2C1_ER_IRQHandler
                0x00000000080015b8                FMC_IRQHandler
                0x00000000080015b8                LPTIM1_IRQHandler
                0x00000000080015b8                I2C4_ER_IRQHandler
                0x00000000080015b8                DMA2_Stream6_IRQHandler
                0x00000000080015b8                SAI1_IRQHandler
                0x00000000080015b8                DMA1_Stream3_IRQHandler
 .text.HAL_Init
                0x00000000080015ba       0x1a Drivers/STM32F7xx_HAL_Driver/Src/stm32f7xx_hal.o
                0x00000000080015ba                HAL_Init
 .text.HAL_InitTick
                0x00000000080015d4       0x60 Drivers/STM32F7xx_HAL_Driver/Src/stm32f7xx_hal.o
                0x00000000080015d4                HAL_InitTick
 .text.HAL_IncTick
                0x0000000008001634       0x28 Drivers/STM32F7xx_HAL_Driver/Src/stm32f7xx_hal.o
                0x0000000008001634                HAL_IncTick
 .text.HAL_GetTick
                0x000000000800165c       0x18 Drivers/STM32F7xx_HAL_Driver/Src/stm32f7xx_hal.o
                0x000000000800165c                HAL_GetTick
 .text.HAL_Delay
                0x0000000008001674       0x48 Drivers/STM32F7xx_HAL_Driver/Src/stm32f7xx_hal.o
                0x0000000008001674                HAL_Delay
 .text.__NVIC_SetPriorityGrouping
                0x00000000080016bc       0x48 Drivers/STM32F7xx_HAL_Driver/Src/stm32f7xx_hal_cortex.o
 .text.__NVIC_GetPriorityGrouping
                0x0000000008001704       0x1c Drivers/STM32F7xx_HAL_Driver/Src/stm32f7xx_hal_cortex.o
 .text.__NVIC_SetPriority
                0x0000000008001720       0x54 Drivers/STM32F7xx_HAL_Driver/Src/stm32f7xx_hal_cortex.o
 .text.NVIC_EncodePriority
                0x0000000008001774       0x66 Drivers/STM32F7xx_HAL_Driver/Src/stm32f7xx_hal_cortex.o
 *fill*         0x00000000080017da        0x2 
 .text.SysTick_Config
                0x00000000080017dc       0x44 Drivers/STM32F7xx_HAL_Driver/Src/stm32f7xx_hal_cortex.o
 .text.HAL_NVIC_SetPriorityGrouping
                0x0000000008001820       0x16 Drivers/STM32F7xx_HAL_Driver/Src/stm32f7xx_hal_cortex.o
                0x0000000008001820                HAL_NVIC_SetPriorityGrouping
 .text.HAL_NVIC_SetPriority
                0x0000000008001836       0x38 Drivers/STM32F7xx_HAL_Driver/Src/stm32f7xx_hal_cortex.o
                0x0000000008001836                HAL_NVIC_SetPriority
 .text.HAL_SYSTICK_Config
                0x000000000800186e       0x18 Drivers/STM32F7xx_HAL_Driver/Src/stm32f7xx_hal_cortex.o
                0x000000000800186e                HAL_SYSTICK_Config
 *fill*         0x0000000008001886        0x2 
 .text.HAL_PWR_EnableBkUpAccess
                0x0000000008001888       0x20 Drivers/STM32F7xx_HAL_Driver/Src/stm32f7xx_hal_pwr.o
                0x0000000008001888                HAL_PWR_EnableBkUpAccess
 .text.HAL_PWREx_EnableOverDrive
                0x00000000080018a8       0xa0 Drivers/STM32F7xx_HAL_Driver/Src/stm32f7xx_hal_pwr_ex.o
                0x00000000080018a8                HAL_PWREx_EnableOverDrive
 .text.HAL_RCC_OscConfig
                0x0000000008001948      0x55c Drivers/STM32F7xx_HAL_Driver/Src/stm32f7xx_hal_rcc.o
                0x0000000008001948                HAL_RCC_OscConfig
 .text.HAL_RCC_ClockConfig
                0x0000000008001ea4      0x1d8 Drivers/STM32F7xx_HAL_Driver/Src/stm32f7xx_hal_rcc.o
                0x0000000008001ea4                HAL_RCC_ClockConfig
 .text.HAL_RCC_GetSysClockFreq
                0x000000000800207c      0x1c4 Drivers/STM32F7xx_HAL_Driver/Src/stm32f7xx_hal_rcc.o
                0x000000000800207c                HAL_RCC_GetSysClockFreq
 .text.HAL_RCCEx_PeriphCLKConfig
                0x0000000008002240      0x850 Drivers/STM32F7xx_HAL_Driver/Src/stm32f7xx_hal_rcc_ex.o
                0x0000000008002240                HAL_RCCEx_PeriphCLKConfig
 .text.__errno  0x0000000008002a90        0xc /opt/st/stm32cubeide_1.6.0/plugins/com.st.stm32cube.ide.mcu.externaltools.gnu-tools-for-stm32.9-2020-q2-update.linux64_1.5.0.202011040924/tools/bin/../lib/gcc/arm-none-eabi/9.3.1/../../../../arm-none-eabi/lib/thumb/v7e-m+dp/hard/libc_nano.a(lib_a-errno.o)
                0x0000000008002a90                __errno
 .text.__libc_init_array
                0x0000000008002a9c       0x48 /opt/st/stm32cubeide_1.6.0/plugins/com.st.stm32cube.ide.mcu.externaltools.gnu-tools-for-stm32.9-2020-q2-update.linux64_1.5.0.202011040924/tools/bin/../lib/gcc/arm-none-eabi/9.3.1/../../../../arm-none-eabi/lib/thumb/v7e-m+dp/hard/libc_nano.a(lib_a-init.o)
                0x0000000008002a9c                __libc_init_array
 .text.memset   0x0000000008002ae4       0x10 /opt/st/stm32cubeide_1.6.0/plugins/com.st.stm32cube.ide.mcu.externaltools.gnu-tools-for-stm32.9-2020-q2-update.linux64_1.5.0.202011040924/tools/bin/../lib/gcc/arm-none-eabi/9.3.1/../../../../arm-none-eabi/lib/thumb/v7e-m+dp/hard/libc_nano.a(lib_a-memset.o)
                0x0000000008002ae4                memset
 .text.sprintf  0x0000000008002af4       0x40 /opt/st/stm32cubeide_1.6.0/plugins/com.st.stm32cube.ide.mcu.externaltools.gnu-tools-for-stm32.9-2020-q2-update.linux64_1.5.0.202011040924/tools/bin/../lib/gcc/arm-none-eabi/9.3.1/../../../../arm-none-eabi/lib/thumb/v7e-m+dp/hard/libc_nano.a(lib_a-sprintf.o)
                0x0000000008002af4                sprintf
                0x0000000008002af4                siprintf
 .text.__ssputs_r
                0x0000000008002b34       0xb6 /opt/st/stm32cubeide_1.6.0/plugins/com.st.stm32cube.ide.mcu.externaltools.gnu-tools-for-stm32.9-2020-q2-update.linux64_1.5.0.202011040924/tools/bin/../lib/gcc/arm-none-eabi/9.3.1/../../../../arm-none-eabi/lib/thumb/v7e-m+dp/hard/libc_nano.a(lib_a-nano-svfprintf.o)
                0x0000000008002b34                __ssputs_r
 *fill*         0x0000000008002bea        0x2 
 .text._svfprintf_r
                0x0000000008002bec      0x200 /opt/st/stm32cubeide_1.6.0/plugins/com.st.stm32cube.ide.mcu.externaltools.gnu-tools-for-stm32.9-2020-q2-update.linux64_1.5.0.202011040924/tools/bin/../lib/gcc/arm-none-eabi/9.3.1/../../../../arm-none-eabi/lib/thumb/v7e-m+dp/hard/libc_nano.a(lib_a-nano-svfprintf.o)
                0x0000000008002bec                _svfprintf_r
                0x0000000008002bec                _svfiprintf_r
 .text._printf_common
                0x0000000008002dec       0xda /opt/st/stm32cubeide_1.6.0/plugins/com.st.stm32cube.ide.mcu.externaltools.gnu-tools-for-stm32.9-2020-q2-update.linux64_1.5.0.202011040924/tools/bin/../lib/gcc/arm-none-eabi/9.3.1/../../../../arm-none-eabi/lib/thumb/v7e-m+dp/hard/libc_nano.a(lib_a-nano-vfprintf_i.o)
                0x0000000008002dec                _printf_common
 *fill*         0x0000000008002ec6        0x2 
 .text._printf_i
                0x0000000008002ec8      0x24c /opt/st/stm32cubeide_1.6.0/plugins/com.st.stm32cube.ide.mcu.externaltools.gnu-tools-for-stm32.9-2020-q2-update.linux64_1.5.0.202011040924/tools/bin/../lib/gcc/arm-none-eabi/9.3.1/../../../../arm-none-eabi/lib/thumb/v7e-m+dp/hard/libc_nano.a(lib_a-nano-vfprintf_i.o)
                0x0000000008002ec8                _printf_i
 .text.memcpy   0x0000000008003114       0x1c /opt/st/stm32cubeide_1.6.0/plugins/com.st.stm32cube.ide.mcu.externaltools.gnu-tools-for-stm32.9-2020-q2-update.linux64_1.5.0.202011040924/tools/bin/../lib/gcc/arm-none-eabi/9.3.1/../../../../arm-none-eabi/lib/thumb/v7e-m+dp/hard/libc_nano.a(lib_a-memcpy-stub.o)
                0x0000000008003114                memcpy
 .text.memmove  0x0000000008003130       0x34 /opt/st/stm32cubeide_1.6.0/plugins/com.st.stm32cube.ide.mcu.externaltools.gnu-tools-for-stm32.9-2020-q2-update.linux64_1.5.0.202011040924/tools/bin/../lib/gcc/arm-none-eabi/9.3.1/../../../../arm-none-eabi/lib/thumb/v7e-m+dp/hard/libc_nano.a(lib_a-memmove.o)
                0x0000000008003130                memmove
 .text._free_r  0x0000000008003164       0xa0 /opt/st/stm32cubeide_1.6.0/plugins/com.st.stm32cube.ide.mcu.externaltools.gnu-tools-for-stm32.9-2020-q2-update.linux64_1.5.0.202011040924/tools/bin/../lib/gcc/arm-none-eabi/9.3.1/../../../../arm-none-eabi/lib/thumb/v7e-m+dp/hard/libc_nano.a(lib_a-nano-freer.o)
                0x0000000008003164                _free_r
 .text._malloc_r
                0x0000000008003204       0xb4 /opt/st/stm32cubeide_1.6.0/plugins/com.st.stm32cube.ide.mcu.externaltools.gnu-tools-for-stm32.9-2020-q2-update.linux64_1.5.0.202011040924/tools/bin/../lib/gcc/arm-none-eabi/9.3.1/../../../../arm-none-eabi/lib/thumb/v7e-m+dp/hard/libc_nano.a(lib_a-nano-mallocr.o)
                0x0000000008003204                _malloc_r
 .text._realloc_r
                0x00000000080032b8       0x4c /opt/st/stm32cubeide_1.6.0/plugins/com.st.stm32cube.ide.mcu.externaltools.gnu-tools-for-stm32.9-2020-q2-update.linux64_1.5.0.202011040924/tools/bin/../lib/gcc/arm-none-eabi/9.3.1/../../../../arm-none-eabi/lib/thumb/v7e-m+dp/hard/libc_nano.a(lib_a-nano-reallocr.o)
                0x00000000080032b8                _realloc_r
 .text._sbrk_r  0x0000000008003304       0x20 /opt/st/stm32cubeide_1.6.0/plugins/com.st.stm32cube.ide.mcu.externaltools.gnu-tools-for-stm32.9-2020-q2-update.linux64_1.5.0.202011040924/tools/bin/../lib/gcc/arm-none-eabi/9.3.1/../../../../arm-none-eabi/lib/thumb/v7e-m+dp/hard/libc_nano.a(lib_a-sbrkr.o)
                0x0000000008003304                _sbrk_r
 .text.__malloc_lock
                0x0000000008003324        0xc /opt/st/stm32cubeide_1.6.0/plugins/com.st.stm32cube.ide.mcu.externaltools.gnu-tools-for-stm32.9-2020-q2-update.linux64_1.5.0.202011040924/tools/bin/../lib/gcc/arm-none-eabi/9.3.1/../../../../arm-none-eabi/lib/thumb/v7e-m+dp/hard/libc_nano.a(lib_a-mlock.o)
                0x0000000008003324                __malloc_lock
 .text.__malloc_unlock
                0x0000000008003330        0xc /opt/st/stm32cubeide_1.6.0/plugins/com.st.stm32cube.ide.mcu.externaltools.gnu-tools-for-stm32.9-2020-q2-update.linux64_1.5.0.202011040924/tools/bin/../lib/gcc/arm-none-eabi/9.3.1/../../../../arm-none-eabi/lib/thumb/v7e-m+dp/hard/libc_nano.a(lib_a-mlock.o)
                0x0000000008003330                __malloc_unlock
 .text._malloc_usable_size_r
                0x000000000800333c       0x10 /opt/st/stm32cubeide_1.6.0/plugins/com.st.stm32cube.ide.mcu.externaltools.gnu-tools-for-stm32.9-2020-q2-update.linux64_1.5.0.202011040924/tools/bin/../lib/gcc/arm-none-eabi/9.3.1/../../../../arm-none-eabi/lib/thumb/v7e-m+dp/hard/libc_nano.a(lib_a-nano-msizer.o)
                0x000000000800333c                _malloc_usable_size_r
 .text.__retarget_lock_acquire_recursive
                0x000000000800334c        0x2 /opt/st/stm32cubeide_1.6.0/plugins/com.st.stm32cube.ide.mcu.externaltools.gnu-tools-for-stm32.9-2020-q2-update.linux64_1.5.0.202011040924/tools/bin/../lib/gcc/arm-none-eabi/9.3.1/../../../../arm-none-eabi/lib/thumb/v7e-m+dp/hard/libc_nano.a(lib_a-lock.o)
                0x000000000800334c                __retarget_lock_acquire_recursive
 .text.__retarget_lock_release_recursive
                0x000000000800334e        0x2 /opt/st/stm32cubeide_1.6.0/plugins/com.st.stm32cube.ide.mcu.externaltools.gnu-tools-for-stm32.9-2020-q2-update.linux64_1.5.0.202011040924/tools/bin/../lib/gcc/arm-none-eabi/9.3.1/../../../../arm-none-eabi/lib/thumb/v7e-m+dp/hard/libc_nano.a(lib_a-lock.o)
                0x000000000800334e                __retarget_lock_release_recursive
 *(.glue_7)
 .glue_7        0x0000000008003350        0x0 linker stubs
 *(.glue_7t)
 .glue_7t       0x0000000008003350        0x0 linker stubs
 *(.eh_frame)
 .eh_frame      0x0000000008003350        0x0 /opt/st/stm32cubeide_1.6.0/plugins/com.st.stm32cube.ide.mcu.externaltools.gnu-tools-for-stm32.9-2020-q2-update.linux64_1.5.0.202011040924/tools/bin/../lib/gcc/arm-none-eabi/9.3.1/thumb/v7e-m+dp/hard/crtbegin.o
 *(.init)
 .init          0x0000000008003350        0x4 /opt/st/stm32cubeide_1.6.0/plugins/com.st.stm32cube.ide.mcu.externaltools.gnu-tools-for-stm32.9-2020-q2-update.linux64_1.5.0.202011040924/tools/bin/../lib/gcc/arm-none-eabi/9.3.1/thumb/v7e-m+dp/hard/crti.o
                0x0000000008003350                _init
 .init          0x0000000008003354        0x8 /opt/st/stm32cubeide_1.6.0/plugins/com.st.stm32cube.ide.mcu.externaltools.gnu-tools-for-stm32.9-2020-q2-update.linux64_1.5.0.202011040924/tools/bin/../lib/gcc/arm-none-eabi/9.3.1/thumb/v7e-m+dp/hard/crtn.o
 *(.fini)
 .fini          0x000000000800335c        0x4 /opt/st/stm32cubeide_1.6.0/plugins/com.st.stm32cube.ide.mcu.externaltools.gnu-tools-for-stm32.9-2020-q2-update.linux64_1.5.0.202011040924/tools/bin/../lib/gcc/arm-none-eabi/9.3.1/thumb/v7e-m+dp/hard/crti.o
                0x000000000800335c                _fini
 .fini          0x0000000008003360        0x8 /opt/st/stm32cubeide_1.6.0/plugins/com.st.stm32cube.ide.mcu.externaltools.gnu-tools-for-stm32.9-2020-q2-update.linux64_1.5.0.202011040924/tools/bin/../lib/gcc/arm-none-eabi/9.3.1/thumb/v7e-m+dp/hard/crtn.o
                0x0000000008003368                . = ALIGN (0x4)
                0x0000000008003368                _etext = .

.vfp11_veneer   0x0000000008003368        0x0
 .vfp11_veneer  0x0000000008003368        0x0 linker stubs

.v4_bx          0x0000000008003368        0x0
 .v4_bx         0x0000000008003368        0x0 linker stubs

.iplt           0x0000000008003368        0x0
 .iplt          0x0000000008003368        0x0 /opt/st/stm32cubeide_1.6.0/plugins/com.st.stm32cube.ide.mcu.externaltools.gnu-tools-for-stm32.9-2020-q2-update.linux64_1.5.0.202011040924/tools/bin/../lib/gcc/arm-none-eabi/9.3.1/thumb/v7e-m+dp/hard/crtbegin.o

.rodata         0x0000000008003368       0x68
                0x0000000008003368                . = ALIGN (0x4)
 *(.rodata)
 .rodata        0x0000000008003368       0x22 Core/Src/main.o
 *(.rodata*)
 *fill*         0x000000000800338a        0x2 
 .rodata.AHBPrescTable
                0x000000000800338c       0x10 Core/Src/system_stm32f7xx.o
                0x000000000800338c                AHBPrescTable
 .rodata._svfprintf_r.str1.1
                0x000000000800339c       0x11 /opt/st/stm32cubeide_1.6.0/plugins/com.st.stm32cube.ide.mcu.externaltools.gnu-tools-for-stm32.9-2020-q2-update.linux64_1.5.0.202011040924/tools/bin/../lib/gcc/arm-none-eabi/9.3.1/../../../../arm-none-eabi/lib/thumb/v7e-m+dp/hard/libc_nano.a(lib_a-nano-svfprintf.o)
 .rodata._printf_i.str1.1
                0x00000000080033ad       0x22 /opt/st/stm32cubeide_1.6.0/plugins/com.st.stm32cube.ide.mcu.externaltools.gnu-tools-for-stm32.9-2020-q2-update.linux64_1.5.0.202011040924/tools/bin/../lib/gcc/arm-none-eabi/9.3.1/../../../../arm-none-eabi/lib/thumb/v7e-m+dp/hard/libc_nano.a(lib_a-nano-vfprintf_i.o)
                0x00000000080033d0                . = ALIGN (0x4)
 *fill*         0x00000000080033cf        0x1 

.ARM.extab      0x00000000080033d0        0x0
                0x00000000080033d0                . = ALIGN (0x4)
 *(.ARM.extab* .gnu.linkonce.armextab.*)
                0x00000000080033d0                . = ALIGN (0x4)

.ARM            0x00000000080033d0        0x8
                0x00000000080033d0                . = ALIGN (0x4)
                0x00000000080033d0                __exidx_start = .
 *(.ARM.exidx*)
 .ARM.exidx     0x00000000080033d0        0x8 /opt/st/stm32cubeide_1.6.0/plugins/com.st.stm32cube.ide.mcu.externaltools.gnu-tools-for-stm32.9-2020-q2-update.linux64_1.5.0.202011040924/tools/bin/../lib/gcc/arm-none-eabi/9.3.1/thumb/v7e-m+dp/hard/libgcc.a(_udivmoddi4.o)
                0x00000000080033d8                __exidx_end = .
                0x00000000080033d8                . = ALIGN (0x4)

.rel.dyn        0x00000000080033d8        0x0
 .rel.iplt      0x00000000080033d8        0x0 /opt/st/stm32cubeide_1.6.0/plugins/com.st.stm32cube.ide.mcu.externaltools.gnu-tools-for-stm32.9-2020-q2-update.linux64_1.5.0.202011040924/tools/bin/../lib/gcc/arm-none-eabi/9.3.1/thumb/v7e-m+dp/hard/crtbegin.o

.preinit_array  0x00000000080033d8        0x0
                0x00000000080033d8                . = ALIGN (0x4)
                0x00000000080033d8                PROVIDE (__preinit_array_start = .)
 *(.preinit_array*)
                0x00000000080033d8                PROVIDE (__preinit_array_end = .)
                0x00000000080033d8                . = ALIGN (0x4)

.init_array     0x00000000080033d8        0x4
                0x00000000080033d8                . = ALIGN (0x4)
                0x00000000080033d8                PROVIDE (__init_array_start = .)
 *(SORT_BY_NAME(.init_array.*))
 *(.init_array*)
 .init_array    0x00000000080033d8        0x4 /opt/st/stm32cubeide_1.6.0/plugins/com.st.stm32cube.ide.mcu.externaltools.gnu-tools-for-stm32.9-2020-q2-update.linux64_1.5.0.202011040924/tools/bin/../lib/gcc/arm-none-eabi/9.3.1/thumb/v7e-m+dp/hard/crtbegin.o
                0x00000000080033dc                PROVIDE (__init_array_end = .)
                0x00000000080033dc                . = ALIGN (0x4)

.fini_array     0x00000000080033dc        0x4
                0x00000000080033dc                . = ALIGN (0x4)
                [!provide]                        PROVIDE (__fini_array_start = .)
 *(SORT_BY_NAME(.fini_array.*))
 *(.fini_array*)
 .fini_array    0x00000000080033dc        0x4 /opt/st/stm32cubeide_1.6.0/plugins/com.st.stm32cube.ide.mcu.externaltools.gnu-tools-for-stm32.9-2020-q2-update.linux64_1.5.0.202011040924/tools/bin/../lib/gcc/arm-none-eabi/9.3.1/thumb/v7e-m+dp/hard/crtbegin.o
                [!provide]                        PROVIDE (__fini_array_end = .)
                0x00000000080033e0                . = ALIGN (0x4)
                0x00000000080033e0                _sidata = LOADADDR (.data)

.data           0x0000000020000000      0x480 load address 0x00000000080033e0
                0x0000000020000000                . = ALIGN (0x4)
                0x0000000020000000                _sdata = .
 *(.data)
 *(.data*)
 .data.a0       0x0000000020000000        0x4 Core/Src/main.o
                0x0000000020000000                a0
 .data.b0       0x0000000020000004        0x4 Core/Src/main.o
                0x0000000020000004                b0
 .data.c0       0x0000000020000008        0x4 Core/Src/main.o
                0x0000000020000008                c0
 .data.d0       0x000000002000000c        0x4 Core/Src/main.o
                0x000000002000000c                d0
 .data.lookUp   0x0000000020000010      0x400 Core/Src/main.o
                0x0000000020000010                lookUp
 .data.SystemCoreClock
                0x0000000020000410        0x4 Core/Src/system_stm32f7xx.o
                0x0000000020000410                SystemCoreClock
 .data.uwTickPrio
                0x0000000020000414        0x4 Drivers/STM32F7xx_HAL_Driver/Src/stm32f7xx_hal.o
                0x0000000020000414                uwTickPrio
 .data.uwTickFreq
                0x0000000020000418        0x1 Drivers/STM32F7xx_HAL_Driver/Src/stm32f7xx_hal.o
                0x0000000020000418                uwTickFreq
 *fill*         0x0000000020000419        0x3 
 .data._impure_ptr
                0x000000002000041c        0x4 /opt/st/stm32cubeide_1.6.0/plugins/com.st.stm32cube.ide.mcu.externaltools.gnu-tools-for-stm32.9-2020-q2-update.linux64_1.5.0.202011040924/tools/bin/../lib/gcc/arm-none-eabi/9.3.1/../../../../arm-none-eabi/lib/thumb/v7e-m+dp/hard/libc_nano.a(lib_a-impure.o)
                0x000000002000041c                _impure_ptr
 .data.impure_data
                0x0000000020000420       0x60 /opt/st/stm32cubeide_1.6.0/plugins/com.st.stm32cube.ide.mcu.externaltools.gnu-tools-for-stm32.9-2020-q2-update.linux64_1.5.0.202011040924/tools/bin/../lib/gcc/arm-none-eabi/9.3.1/../../../../arm-none-eabi/lib/thumb/v7e-m+dp/hard/libc_nano.a(lib_a-impure.o)
 *(.RamFunc)
 *(.RamFunc*)
                0x0000000020000480                . = ALIGN (0x4)
                0x0000000020000480                _edata = .

.igot.plt       0x0000000020000480        0x0 load address 0x0000000008003860
 .igot.plt      0x0000000020000480        0x0 /opt/st/stm32cubeide_1.6.0/plugins/com.st.stm32cube.ide.mcu.externaltools.gnu-tools-for-stm32.9-2020-q2-update.linux64_1.5.0.202011040924/tools/bin/../lib/gcc/arm-none-eabi/9.3.1/thumb/v7e-m+dp/hard/crtbegin.o
                0x0000000020000480                . = ALIGN (0x4)

.bss            0x0000000020000480    0x138f4 load address 0x0000000008003860
                0x0000000020000480                _sbss = .
                0x0000000020000480                __bss_start__ = _sbss
 *(.bss)
 .bss           0x0000000020000480       0x1c /opt/st/stm32cubeide_1.6.0/plugins/com.st.stm32cube.ide.mcu.externaltools.gnu-tools-for-stm32.9-2020-q2-update.linux64_1.5.0.202011040924/tools/bin/../lib/gcc/arm-none-eabi/9.3.1/thumb/v7e-m+dp/hard/crtbegin.o
 *(.bss*)
 .bss.lookupIndex
                0x000000002000049c        0x4 Core/Src/main.o
                0x000000002000049c                lookupIndex
 .bss.__sbrk_heap_end
                0x00000000200004a0        0x4 Core/Src/sysmem.o
 .bss.__malloc_free_list
                0x00000000200004a4        0x4 /opt/st/stm32cubeide_1.6.0/plugins/com.st.stm32cube.ide.mcu.externaltools.gnu-tools-for-stm32.9-2020-q2-update.linux64_1.5.0.202011040924/tools/bin/../lib/gcc/arm-none-eabi/9.3.1/../../../../arm-none-eabi/lib/thumb/v7e-m+dp/hard/libc_nano.a(lib_a-nano-mallocr.o)
                0x00000000200004a4                __malloc_free_list
 .bss.__malloc_sbrk_start
                0x00000000200004a8        0x4 /opt/st/stm32cubeide_1.6.0/plugins/com.st.stm32cube.ide.mcu.externaltools.gnu-tools-for-stm32.9-2020-q2-update.linux64_1.5.0.202011040924/tools/bin/../lib/gcc/arm-none-eabi/9.3.1/../../../../arm-none-eabi/lib/thumb/v7e-m+dp/hard/libc_nano.a(lib_a-nano-mallocr.o)
                0x00000000200004a8                __malloc_sbrk_start
 *(COMMON)
 COMMON         0x00000000200004ac    0x138b4 Core/Src/main.o
                0x00000000200004ac                control
                0x00000000200004b4                b
                0x00000000200004b8                dataRx
                0x00000000200004c0                dataTx
                0x00000000200004c8                dataIn
                0x00000000200004cc                c
                0x00000000200004d0                d
                0x00000000200004d4                dataOut
                0x00000000200004d8                sampleBuffer
                0x0000000020013d58                a
                0x0000000020013d5c                sampleBufferIndex
 COMMON         0x0000000020013d60        0x4 Drivers/STM32F7xx_HAL_Driver/Src/stm32f7xx_hal.o
                0x0000000020013d60                uwTick
 COMMON         0x0000000020013d64        0x4 /opt/st/stm32cubeide_1.6.0/plugins/com.st.stm32cube.ide.mcu.externaltools.gnu-tools-for-stm32.9-2020-q2-update.linux64_1.5.0.202011040924/tools/bin/../lib/gcc/arm-none-eabi/9.3.1/../../../../arm-none-eabi/lib/thumb/v7e-m+dp/hard/libc_nano.a(lib_a-reent.o)
                0x0000000020013d64                errno
 COMMON         0x0000000020013d68        0x9 /opt/st/stm32cubeide_1.6.0/plugins/com.st.stm32cube.ide.mcu.externaltools.gnu-tools-for-stm32.9-2020-q2-update.linux64_1.5.0.202011040924/tools/bin/../lib/gcc/arm-none-eabi/9.3.1/../../../../arm-none-eabi/lib/thumb/v7e-m+dp/hard/libc_nano.a(lib_a-lock.o)
                0x0000000020013d68                __lock___atexit_recursive_mutex
                0x0000000020013d69                __lock___arc4random_mutex
                0x0000000020013d6a                __lock___env_recursive_mutex
                0x0000000020013d6b                __lock___sinit_recursive_mutex
                0x0000000020013d6c                __lock___malloc_recursive_mutex
                0x0000000020013d6d                __lock___at_quick_exit_mutex
                0x0000000020013d6e                __lock___dd_hash_mutex
                0x0000000020013d6f                __lock___tz_mutex
                0x0000000020013d70                __lock___sfp_recursive_mutex
                0x0000000020013d74                . = ALIGN (0x4)
 *fill*         0x0000000020013d71        0x3 
                0x0000000020013d74                _ebss = .
                0x0000000020013d74                __bss_end__ = _ebss

._user_heap_stack
                0x0000000020013d74      0x604 load address 0x0000000008003860
                0x0000000020013d78                . = ALIGN (0x8)
 *fill*         0x0000000020013d74        0x4 
                [!provide]                        PROVIDE (end = .)
                0x0000000020013d78                PROVIDE (_end = .)
                0x0000000020013f78                . = (. + _Min_Heap_Size)
 *fill*         0x0000000020013d78      0x200 
                0x0000000020014378                . = (. + _Min_Stack_Size)
 *fill*         0x0000000020013f78      0x400 
                0x0000000020014378                . = ALIGN (0x8)

/DISCARD/
 libc.a(*)
 libm.a(*)
 libgcc.a(*)

.ARM.attributes
                0x0000000000000000       0x2e
 *(.ARM.attributes)
 .ARM.attributes
                0x0000000000000000       0x1e /opt/st/stm32cubeide_1.6.0/plugins/com.st.stm32cube.ide.mcu.externaltools.gnu-tools-for-stm32.9-2020-q2-update.linux64_1.5.0.202011040924/tools/bin/../lib/gcc/arm-none-eabi/9.3.1/thumb/v7e-m+dp/hard/crti.o
 .ARM.attributes
                0x000000000000001e       0x32 /opt/st/stm32cubeide_1.6.0/plugins/com.st.stm32cube.ide.mcu.externaltools.gnu-tools-for-stm32.9-2020-q2-update.linux64_1.5.0.202011040924/tools/bin/../lib/gcc/arm-none-eabi/9.3.1/thumb/v7e-m+dp/hard/crtbegin.o
 .ARM.attributes
                0x0000000000000050       0x32 Core/Src/SPI.o
 .ARM.attributes
                0x0000000000000082       0x32 Core/Src/UART.o
 .ARM.attributes
                0x00000000000000b4       0x32 Core/Src/main.o
 .ARM.attributes
                0x00000000000000e6       0x32 Core/Src/peripherals.o
 .ARM.attributes
                0x0000000000000118       0x32 Core/Src/stm32f7xx_hal_msp.o
 .ARM.attributes
                0x000000000000014a       0x32 Core/Src/stm32f7xx_it.o
 .ARM.attributes
                0x000000000000017c       0x32 Core/Src/sysmem.o
 .ARM.attributes
                0x00000000000001ae       0x32 Core/Src/system_stm32f7xx.o
 .ARM.attributes
                0x00000000000001e0       0x21 Core/Startup/startup_stm32f767zitx.o
 .ARM.attributes
                0x0000000000000201       0x32 Drivers/STM32F7xx_HAL_Driver/Src/stm32f7xx_hal.o
 .ARM.attributes
                0x0000000000000233       0x32 Drivers/STM32F7xx_HAL_Driver/Src/stm32f7xx_hal_cortex.o
 .ARM.attributes
                0x0000000000000265       0x32 Drivers/STM32F7xx_HAL_Driver/Src/stm32f7xx_hal_pwr.o
 .ARM.attributes
                0x0000000000000297       0x32 Drivers/STM32F7xx_HAL_Driver/Src/stm32f7xx_hal_pwr_ex.o
 .ARM.attributes
                0x00000000000002c9       0x32 Drivers/STM32F7xx_HAL_Driver/Src/stm32f7xx_hal_rcc.o
 .ARM.attributes
                0x00000000000002fb       0x32 Drivers/STM32F7xx_HAL_Driver/Src/stm32f7xx_hal_rcc_ex.o
 .ARM.attributes
                0x000000000000032d       0x32 /opt/st/stm32cubeide_1.6.0/plugins/com.st.stm32cube.ide.mcu.externaltools.gnu-tools-for-stm32.9-2020-q2-update.linux64_1.5.0.202011040924/tools/bin/../lib/gcc/arm-none-eabi/9.3.1/../../../../arm-none-eabi/lib/thumb/v7e-m+dp/hard/libc_nano.a(lib_a-errno.o)
 .ARM.attributes
                0x000000000000035f       0x30 /opt/st/stm32cubeide_1.6.0/plugins/com.st.stm32cube.ide.mcu.externaltools.gnu-tools-for-stm32.9-2020-q2-update.linux64_1.5.0.202011040924/tools/bin/../lib/gcc/arm-none-eabi/9.3.1/../../../../arm-none-eabi/lib/thumb/v7e-m+dp/hard/libc_nano.a(lib_a-impure.o)
 .ARM.attributes
                0x000000000000038f       0x32 /opt/st/stm32cubeide_1.6.0/plugins/com.st.stm32cube.ide.mcu.externaltools.gnu-tools-for-stm32.9-2020-q2-update.linux64_1.5.0.202011040924/tools/bin/../lib/gcc/arm-none-eabi/9.3.1/../../../../arm-none-eabi/lib/thumb/v7e-m+dp/hard/libc_nano.a(lib_a-init.o)
 .ARM.attributes
                0x00000000000003c1       0x32 /opt/st/stm32cubeide_1.6.0/plugins/com.st.stm32cube.ide.mcu.externaltools.gnu-tools-for-stm32.9-2020-q2-update.linux64_1.5.0.202011040924/tools/bin/../lib/gcc/arm-none-eabi/9.3.1/../../../../arm-none-eabi/lib/thumb/v7e-m+dp/hard/libc_nano.a(lib_a-memset.o)
 .ARM.attributes
                0x00000000000003f3       0x32 /opt/st/stm32cubeide_1.6.0/plugins/com.st.stm32cube.ide.mcu.externaltools.gnu-tools-for-stm32.9-2020-q2-update.linux64_1.5.0.202011040924/tools/bin/../lib/gcc/arm-none-eabi/9.3.1/../../../../arm-none-eabi/lib/thumb/v7e-m+dp/hard/libc_nano.a(lib_a-sprintf.o)
 .ARM.attributes
                0x0000000000000425       0x32 /opt/st/stm32cubeide_1.6.0/plugins/com.st.stm32cube.ide.mcu.externaltools.gnu-tools-for-stm32.9-2020-q2-update.linux64_1.5.0.202011040924/tools/bin/../lib/gcc/arm-none-eabi/9.3.1/../../../../arm-none-eabi/lib/thumb/v7e-m+dp/hard/libc_nano.a(lib_a-nano-svfprintf.o)
 .ARM.attributes
                0x0000000000000457       0x32 /opt/st/stm32cubeide_1.6.0/plugins/com.st.stm32cube.ide.mcu.externaltools.gnu-tools-for-stm32.9-2020-q2-update.linux64_1.5.0.202011040924/tools/bin/../lib/gcc/arm-none-eabi/9.3.1/../../../../arm-none-eabi/lib/thumb/v7e-m+dp/hard/libc_nano.a(lib_a-nano-vfprintf_i.o)
 .ARM.attributes
                0x0000000000000489       0x1c /opt/st/stm32cubeide_1.6.0/plugins/com.st.stm32cube.ide.mcu.externaltools.gnu-tools-for-stm32.9-2020-q2-update.linux64_1.5.0.202011040924/tools/bin/../lib/gcc/arm-none-eabi/9.3.1/../../../../arm-none-eabi/lib/thumb/v7e-m+dp/hard/libc_nano.a(lib_a-memchr.o)
 .ARM.attributes
                0x00000000000004a5       0x32 /opt/st/stm32cubeide_1.6.0/plugins/com.st.stm32cube.ide.mcu.externaltools.gnu-tools-for-stm32.9-2020-q2-update.linux64_1.5.0.202011040924/tools/bin/../lib/gcc/arm-none-eabi/9.3.1/../../../../arm-none-eabi/lib/thumb/v7e-m+dp/hard/libc_nano.a(lib_a-memcpy-stub.o)
 .ARM.attributes
                0x00000000000004d7       0x32 /opt/st/stm32cubeide_1.6.0/plugins/com.st.stm32cube.ide.mcu.externaltools.gnu-tools-for-stm32.9-2020-q2-update.linux64_1.5.0.202011040924/tools/bin/../lib/gcc/arm-none-eabi/9.3.1/../../../../arm-none-eabi/lib/thumb/v7e-m+dp/hard/libc_nano.a(lib_a-memmove.o)
 .ARM.attributes
                0x0000000000000509       0x32 /opt/st/stm32cubeide_1.6.0/plugins/com.st.stm32cube.ide.mcu.externaltools.gnu-tools-for-stm32.9-2020-q2-update.linux64_1.5.0.202011040924/tools/bin/../lib/gcc/arm-none-eabi/9.3.1/../../../../arm-none-eabi/lib/thumb/v7e-m+dp/hard/libc_nano.a(lib_a-nano-freer.o)
 .ARM.attributes
                0x000000000000053b       0x32 /opt/st/stm32cubeide_1.6.0/plugins/com.st.stm32cube.ide.mcu.externaltools.gnu-tools-for-stm32.9-2020-q2-update.linux64_1.5.0.202011040924/tools/bin/../lib/gcc/arm-none-eabi/9.3.1/../../../../arm-none-eabi/lib/thumb/v7e-m+dp/hard/libc_nano.a(lib_a-nano-mallocr.o)
 .ARM.attributes
                0x000000000000056d       0x32 /opt/st/stm32cubeide_1.6.0/plugins/com.st.stm32cube.ide.mcu.externaltools.gnu-tools-for-stm32.9-2020-q2-update.linux64_1.5.0.202011040924/tools/bin/../lib/gcc/arm-none-eabi/9.3.1/../../../../arm-none-eabi/lib/thumb/v7e-m+dp/hard/libc_nano.a(lib_a-nano-reallocr.o)
 .ARM.attributes
                0x000000000000059f       0x32 /opt/st/stm32cubeide_1.6.0/plugins/com.st.stm32cube.ide.mcu.externaltools.gnu-tools-for-stm32.9-2020-q2-update.linux64_1.5.0.202011040924/tools/bin/../lib/gcc/arm-none-eabi/9.3.1/../../../../arm-none-eabi/lib/thumb/v7e-m+dp/hard/libc_nano.a(lib_a-sbrkr.o)
 .ARM.attributes
                0x00000000000005d1       0x32 /opt/st/stm32cubeide_1.6.0/plugins/com.st.stm32cube.ide.mcu.externaltools.gnu-tools-for-stm32.9-2020-q2-update.linux64_1.5.0.202011040924/tools/bin/../lib/gcc/arm-none-eabi/9.3.1/../../../../arm-none-eabi/lib/thumb/v7e-m+dp/hard/libc_nano.a(lib_a-mlock.o)
 .ARM.attributes
                0x0000000000000603       0x32 /opt/st/stm32cubeide_1.6.0/plugins/com.st.stm32cube.ide.mcu.externaltools.gnu-tools-for-stm32.9-2020-q2-update.linux64_1.5.0.202011040924/tools/bin/../lib/gcc/arm-none-eabi/9.3.1/../../../../arm-none-eabi/lib/thumb/v7e-m+dp/hard/libc_nano.a(lib_a-nano-msizer.o)
 .ARM.attributes
                0x0000000000000635       0x32 /opt/st/stm32cubeide_1.6.0/plugins/com.st.stm32cube.ide.mcu.externaltools.gnu-tools-for-stm32.9-2020-q2-update.linux64_1.5.0.202011040924/tools/bin/../lib/gcc/arm-none-eabi/9.3.1/../../../../arm-none-eabi/lib/thumb/v7e-m+dp/hard/libc_nano.a(lib_a-reent.o)
 .ARM.attributes
                0x0000000000000667       0x32 /opt/st/stm32cubeide_1.6.0/plugins/com.st.stm32cube.ide.mcu.externaltools.gnu-tools-for-stm32.9-2020-q2-update.linux64_1.5.0.202011040924/tools/bin/../lib/gcc/arm-none-eabi/9.3.1/../../../../arm-none-eabi/lib/thumb/v7e-m+dp/hard/libc_nano.a(lib_a-lock.o)
 .ARM.attributes
                0x0000000000000699       0x1e /opt/st/stm32cubeide_1.6.0/plugins/com.st.stm32cube.ide.mcu.externaltools.gnu-tools-for-stm32.9-2020-q2-update.linux64_1.5.0.202011040924/tools/bin/../lib/gcc/arm-none-eabi/9.3.1/thumb/v7e-m+dp/hard/libgcc.a(_aeabi_uldivmod.o)
 .ARM.attributes
                0x00000000000006b7       0x32 /opt/st/stm32cubeide_1.6.0/plugins/com.st.stm32cube.ide.mcu.externaltools.gnu-tools-for-stm32.9-2020-q2-update.linux64_1.5.0.202011040924/tools/bin/../lib/gcc/arm-none-eabi/9.3.1/thumb/v7e-m+dp/hard/libgcc.a(_udivmoddi4.o)
 .ARM.attributes
                0x00000000000006e9       0x1e /opt/st/stm32cubeide_1.6.0/plugins/com.st.stm32cube.ide.mcu.externaltools.gnu-tools-for-stm32.9-2020-q2-update.linux64_1.5.0.202011040924/tools/bin/../lib/gcc/arm-none-eabi/9.3.1/thumb/v7e-m+dp/hard/libgcc.a(_dvmd_tls.o)
 .ARM.attributes
                0x0000000000000707       0x1e /opt/st/stm32cubeide_1.6.0/plugins/com.st.stm32cube.ide.mcu.externaltools.gnu-tools-for-stm32.9-2020-q2-update.linux64_1.5.0.202011040924/tools/bin/../lib/gcc/arm-none-eabi/9.3.1/thumb/v7e-m+dp/hard/crtn.o
OUTPUT(GuitarPedalHat.elf elf32-littlearm)
LOAD linker stubs
LOAD /opt/st/stm32cubeide_1.6.0/plugins/com.st.stm32cube.ide.mcu.externaltools.gnu-tools-for-stm32.9-2020-q2-update.linux64_1.5.0.202011040924/tools/bin/../lib/gcc/arm-none-eabi/9.3.1/../../../../arm-none-eabi/lib/thumb/v7e-m+dp/hard/libc.a
LOAD /opt/st/stm32cubeide_1.6.0/plugins/com.st.stm32cube.ide.mcu.externaltools.gnu-tools-for-stm32.9-2020-q2-update.linux64_1.5.0.202011040924/tools/bin/../lib/gcc/arm-none-eabi/9.3.1/../../../../arm-none-eabi/lib/thumb/v7e-m+dp/hard/libm.a
LOAD /opt/st/stm32cubeide_1.6.0/plugins/com.st.stm32cube.ide.mcu.externaltools.gnu-tools-for-stm32.9-2020-q2-update.linux64_1.5.0.202011040924/tools/bin/../lib/gcc/arm-none-eabi/9.3.1/thumb/v7e-m+dp/hard/libgcc.a

.debug_info     0x0000000000000000     0x99f8
 .debug_info    0x0000000000000000      0x768 Core/Src/SPI.o
 .debug_info    0x0000000000000768      0x500 Core/Src/UART.o
 .debug_info    0x0000000000000c68     0x16dc Core/Src/main.o
 .debug_info    0x0000000000002344      0x782 Core/Src/peripherals.o
 .debug_info    0x0000000000002ac6     0x184f Core/Src/stm32f7xx_hal_msp.o
 .debug_info    0x0000000000004315      0x222 Core/Src/stm32f7xx_it.o
 .debug_info    0x0000000000004537      0xa25 Core/Src/sysmem.o
 .debug_info    0x0000000000004f5c      0x7ad Core/Src/system_stm32f7xx.o
 .debug_info    0x0000000000005709       0x22 Core/Startup/startup_stm32f767zitx.o
 .debug_info    0x000000000000572b      0xab8 Drivers/STM32F7xx_HAL_Driver/Src/stm32f7xx_hal.o
 .debug_info    0x00000000000061e3     0x1158 Drivers/STM32F7xx_HAL_Driver/Src/stm32f7xx_hal_cortex.o
 .debug_info    0x000000000000733b      0xa4c Drivers/STM32F7xx_HAL_Driver/Src/stm32f7xx_hal_pwr.o
 .debug_info    0x0000000000007d87      0x9f6 Drivers/STM32F7xx_HAL_Driver/Src/stm32f7xx_hal_pwr_ex.o
 .debug_info    0x000000000000877d      0xa28 Drivers/STM32F7xx_HAL_Driver/Src/stm32f7xx_hal_rcc.o
 .debug_info    0x00000000000091a5      0x853 Drivers/STM32F7xx_HAL_Driver/Src/stm32f7xx_hal_rcc_ex.o

.debug_abbrev   0x0000000000000000     0x1a2b
 .debug_abbrev  0x0000000000000000      0x148 Core/Src/SPI.o
 .debug_abbrev  0x0000000000000148      0x148 Core/Src/UART.o
 .debug_abbrev  0x0000000000000290      0x2f0 Core/Src/main.o
 .debug_abbrev  0x0000000000000580      0x10d Core/Src/peripherals.o
 .debug_abbrev  0x000000000000068d      0x246 Core/Src/stm32f7xx_hal_msp.o
 .debug_abbrev  0x00000000000008d3       0xd2 Core/Src/stm32f7xx_it.o
 .debug_abbrev  0x00000000000009a5      0x1bf Core/Src/sysmem.o
 .debug_abbrev  0x0000000000000b64      0x165 Core/Src/system_stm32f7xx.o
 .debug_abbrev  0x0000000000000cc9       0x12 Core/Startup/startup_stm32f767zitx.o
 .debug_abbrev  0x0000000000000cdb      0x1ed Drivers/STM32F7xx_HAL_Driver/Src/stm32f7xx_hal.o
 .debug_abbrev  0x0000000000000ec8      0x33c Drivers/STM32F7xx_HAL_Driver/Src/stm32f7xx_hal_cortex.o
 .debug_abbrev  0x0000000000001204      0x1de Drivers/STM32F7xx_HAL_Driver/Src/stm32f7xx_hal_pwr.o
 .debug_abbrev  0x00000000000013e2      0x1dc Drivers/STM32F7xx_HAL_Driver/Src/stm32f7xx_hal_pwr_ex.o
 .debug_abbrev  0x00000000000015be      0x29c Drivers/STM32F7xx_HAL_Driver/Src/stm32f7xx_hal_rcc.o
 .debug_abbrev  0x000000000000185a      0x1d1 Drivers/STM32F7xx_HAL_Driver/Src/stm32f7xx_hal_rcc_ex.o

.debug_aranges  0x0000000000000000      0x690
 .debug_aranges
                0x0000000000000000       0x50 Core/Src/SPI.o
 .debug_aranges
                0x0000000000000050       0x38 Core/Src/UART.o
 .debug_aranges
                0x0000000000000088       0x78 Core/Src/main.o
 .debug_aranges
                0x0000000000000100       0x50 Core/Src/peripherals.o
 .debug_aranges
                0x0000000000000150       0x50 Core/Src/stm32f7xx_hal_msp.o
 .debug_aranges
                0x00000000000001a0       0x60 Core/Src/stm32f7xx_it.o
 .debug_aranges
                0x0000000000000200       0x20 Core/Src/sysmem.o
 .debug_aranges
                0x0000000000000220       0x28 Core/Src/system_stm32f7xx.o
 .debug_aranges
                0x0000000000000248       0x28 Core/Startup/startup_stm32f767zitx.o
 .debug_aranges
                0x0000000000000270      0x110 Drivers/STM32F7xx_HAL_Driver/Src/stm32f7xx_hal.o
 .debug_aranges
                0x0000000000000380      0x118 Drivers/STM32F7xx_HAL_Driver/Src/stm32f7xx_hal_cortex.o
 .debug_aranges
                0x0000000000000498       0xa0 Drivers/STM32F7xx_HAL_Driver/Src/stm32f7xx_hal_pwr.o
 .debug_aranges
                0x0000000000000538       0x80 Drivers/STM32F7xx_HAL_Driver/Src/stm32f7xx_hal_pwr_ex.o
 .debug_aranges
                0x00000000000005b8       0x88 Drivers/STM32F7xx_HAL_Driver/Src/stm32f7xx_hal_rcc.o
 .debug_aranges
                0x0000000000000640       0x50 Drivers/STM32F7xx_HAL_Driver/Src/stm32f7xx_hal_rcc_ex.o

.debug_ranges   0x0000000000000000      0x5a8
 .debug_ranges  0x0000000000000000       0x40 Core/Src/SPI.o
 .debug_ranges  0x0000000000000040       0x28 Core/Src/UART.o
 .debug_ranges  0x0000000000000068       0x68 Core/Src/main.o
 .debug_ranges  0x00000000000000d0       0x40 Core/Src/peripherals.o
 .debug_ranges  0x0000000000000110       0x40 Core/Src/stm32f7xx_hal_msp.o
 .debug_ranges  0x0000000000000150       0x50 Core/Src/stm32f7xx_it.o
 .debug_ranges  0x00000000000001a0       0x10 Core/Src/sysmem.o
 .debug_ranges  0x00000000000001b0       0x18 Core/Src/system_stm32f7xx.o
 .debug_ranges  0x00000000000001c8       0x20 Core/Startup/startup_stm32f767zitx.o
 .debug_ranges  0x00000000000001e8      0x100 Drivers/STM32F7xx_HAL_Driver/Src/stm32f7xx_hal.o
 .debug_ranges  0x00000000000002e8      0x108 Drivers/STM32F7xx_HAL_Driver/Src/stm32f7xx_hal_cortex.o
 .debug_ranges  0x00000000000003f0       0x90 Drivers/STM32F7xx_HAL_Driver/Src/stm32f7xx_hal_pwr.o
 .debug_ranges  0x0000000000000480       0x70 Drivers/STM32F7xx_HAL_Driver/Src/stm32f7xx_hal_pwr_ex.o
 .debug_ranges  0x00000000000004f0       0x78 Drivers/STM32F7xx_HAL_Driver/Src/stm32f7xx_hal_rcc.o
 .debug_ranges  0x0000000000000568       0x40 Drivers/STM32F7xx_HAL_Driver/Src/stm32f7xx_hal_rcc_ex.o

.debug_macro    0x0000000000000000    0x280e5
 .debug_macro   0x0000000000000000       0xc7 Core/Src/SPI.o
 .debug_macro   0x00000000000000c7      0xac0 Core/Src/SPI.o
 .debug_macro   0x0000000000000b87       0x3b Core/Src/SPI.o
 .debug_macro   0x0000000000000bc2       0x22 Core/Src/SPI.o
 .debug_macro   0x0000000000000be4       0x8e Core/Src/SPI.o
 .debug_macro   0x0000000000000c72       0x51 Core/Src/SPI.o
 .debug_macro   0x0000000000000cc3      0x103 Core/Src/SPI.o
 .debug_macro   0x0000000000000dc6       0x6a Core/Src/SPI.o
 .debug_macro   0x0000000000000e30      0x1df Core/Src/SPI.o
 .debug_macro   0x000000000000100f       0x1c Core/Src/SPI.o
 .debug_macro   0x000000000000102b       0x22 Core/Src/SPI.o
 .debug_macro   0x000000000000104d       0xdf Core/Src/SPI.o
 .debug_macro   0x000000000000112c     0x12cd Core/Src/SPI.o
 .debug_macro   0x00000000000023f9      0x11f Core/Src/SPI.o
 .debug_macro   0x0000000000002518       0x19 Core/Src/SPI.o
 .debug_macro   0x0000000000002531    0x1a9dd Core/Src/SPI.o
 .debug_macro   0x000000000001cf0e       0xc7 Core/Src/UART.o
 .debug_macro   0x000000000001cfd5      0x3bd Core/Src/main.o
 .debug_macro   0x000000000001d392      0x2a7 Core/Src/main.o
 .debug_macro   0x000000000001d639       0x2e Core/Src/main.o
 .debug_macro   0x000000000001d667       0x6d Core/Src/main.o
 .debug_macro   0x000000000001d6d4     0x3714 Core/Src/main.o
 .debug_macro   0x0000000000020de8      0x174 Core/Src/main.o
 .debug_macro   0x0000000000020f5c       0x63 Core/Src/main.o
 .debug_macro   0x0000000000020fbf     0x1add Core/Src/main.o
 .debug_macro   0x0000000000022a9c      0x6c4 Core/Src/main.o
 .debug_macro   0x0000000000023160      0x18b Core/Src/main.o
 .debug_macro   0x00000000000232eb      0x115 Core/Src/main.o
 .debug_macro   0x0000000000023400      0x26e Core/Src/main.o
 .debug_macro   0x000000000002366e       0xa5 Core/Src/main.o
 .debug_macro   0x0000000000023713      0x24f Core/Src/main.o
 .debug_macro   0x0000000000023962       0x71 Core/Src/main.o
 .debug_macro   0x00000000000239d3       0x58 Core/Src/main.o
 .debug_macro   0x0000000000023a2b      0x236 Core/Src/main.o
 .debug_macro   0x0000000000023c61      0xcce Core/Src/main.o
 .debug_macro   0x000000000002492f      0x14e Core/Src/main.o
 .debug_macro   0x0000000000024a7d      0x3db Core/Src/main.o
 .debug_macro   0x0000000000024e58       0x12 Core/Src/main.o
 .debug_macro   0x0000000000024e6a      0x22c Core/Src/main.o
 .debug_macro   0x0000000000025096       0x61 Core/Src/main.o
 .debug_macro   0x00000000000250f7       0xa5 Core/Src/main.o
 .debug_macro   0x000000000002519c      0x12e Core/Src/main.o
 .debug_macro   0x00000000000252ca      0x108 Core/Src/main.o
 .debug_macro   0x00000000000253d2       0x35 Core/Src/main.o
 .debug_macro   0x0000000000025407      0x5a5 Core/Src/main.o
 .debug_macro   0x00000000000259ac       0x44 Core/Src/main.o
 .debug_macro   0x00000000000259f0      0x256 Core/Src/main.o
 .debug_macro   0x0000000000025c46       0xba Core/Src/main.o
 .debug_macro   0x0000000000025d00      0x15b Core/Src/main.o
 .debug_macro   0x0000000000025e5b      0x13c Core/Src/main.o
 .debug_macro   0x0000000000025f97       0x52 Core/Src/main.o
 .debug_macro   0x0000000000025fe9       0x17 Core/Src/main.o
 .debug_macro   0x0000000000026000       0x3c Core/Src/main.o
 .debug_macro   0x000000000002603c       0x34 Core/Src/main.o
 .debug_macro   0x0000000000026070       0x16 Core/Src/main.o
 .debug_macro   0x0000000000026086       0x43 Core/Src/main.o
 .debug_macro   0x00000000000260c9       0x34 Core/Src/main.o
 .debug_macro   0x00000000000260fd       0x10 Core/Src/main.o
 .debug_macro   0x000000000002610d       0x58 Core/Src/main.o
 .debug_macro   0x0000000000026165       0x71 Core/Src/main.o
 .debug_macro   0x00000000000261d6       0x1c Core/Src/main.o
 .debug_macro   0x00000000000261f2      0x12a Core/Src/main.o
 .debug_macro   0x000000000002631c      0x333 Core/Src/main.o
 .debug_macro   0x000000000002664f       0x10 Core/Src/main.o
 .debug_macro   0x000000000002665f       0x35 Core/Src/main.o
 .debug_macro   0x0000000000026694       0x20 Core/Src/main.o
 .debug_macro   0x00000000000266b4       0x1c Core/Src/main.o
 .debug_macro   0x00000000000266d0       0x10 Core/Src/main.o
 .debug_macro   0x00000000000266e0       0x10 Core/Src/main.o
 .debug_macro   0x00000000000266f0       0x1c Core/Src/main.o
 .debug_macro   0x000000000002670c       0x52 Core/Src/main.o
 .debug_macro   0x000000000002675e       0x22 Core/Src/main.o
 .debug_macro   0x0000000000026780       0x10 Core/Src/main.o
 .debug_macro   0x0000000000026790       0x40 Core/Src/main.o
 .debug_macro   0x00000000000267d0       0xd5 Core/Src/main.o
 .debug_macro   0x00000000000268a5       0x1c Core/Src/main.o
 .debug_macro   0x00000000000268c1       0x3d Core/Src/main.o
 .debug_macro   0x00000000000268fe       0x16 Core/Src/main.o
 .debug_macro   0x0000000000026914      0x145 Core/Src/main.o
 .debug_macro   0x0000000000026a59       0xc7 Core/Src/peripherals.o
 .debug_macro   0x0000000000026b20      0x20c Core/Src/stm32f7xx_hal_msp.o
 .debug_macro   0x0000000000026d2c      0x216 Core/Src/stm32f7xx_it.o
 .debug_macro   0x0000000000026f42       0xff Core/Src/sysmem.o
 .debug_macro   0x0000000000027041      0x23b Core/Src/sysmem.o
 .debug_macro   0x000000000002727c      0x1fd Core/Src/system_stm32f7xx.o
 .debug_macro   0x0000000000027479      0x221 Drivers/STM32F7xx_HAL_Driver/Src/stm32f7xx_hal.o
 .debug_macro   0x000000000002769a      0x1fd Drivers/STM32F7xx_HAL_Driver/Src/stm32f7xx_hal_cortex.o
 .debug_macro   0x0000000000027897      0x21b Drivers/STM32F7xx_HAL_Driver/Src/stm32f7xx_hal_pwr.o
 .debug_macro   0x0000000000027ab2      0x215 Drivers/STM32F7xx_HAL_Driver/Src/stm32f7xx_hal_pwr_ex.o
 .debug_macro   0x0000000000027cc7      0x221 Drivers/STM32F7xx_HAL_Driver/Src/stm32f7xx_hal_rcc.o
 .debug_macro   0x0000000000027ee8      0x1fd Drivers/STM32F7xx_HAL_Driver/Src/stm32f7xx_hal_rcc_ex.o

.debug_line     0x0000000000000000     0x7fbd
 .debug_line    0x0000000000000000      0x59e Core/Src/SPI.o
 .debug_line    0x000000000000059e      0x4d2 Core/Src/UART.o
 .debug_line    0x0000000000000a70      0xd0f Core/Src/main.o
 .debug_line    0x000000000000177f      0x558 Core/Src/peripherals.o
 .debug_line    0x0000000000001cd7      0x82b Core/Src/stm32f7xx_hal_msp.o
 .debug_line    0x0000000000002502      0x7bd Core/Src/stm32f7xx_it.o
 .debug_line    0x0000000000002cbf      0x4cb Core/Src/sysmem.o
 .debug_line    0x000000000000318a      0x77a Core/Src/system_stm32f7xx.o
 .debug_line    0x0000000000003904       0x88 Core/Startup/startup_stm32f767zitx.o
 .debug_line    0x000000000000398c      0xa3b Drivers/STM32F7xx_HAL_Driver/Src/stm32f7xx_hal.o
 .debug_line    0x00000000000043c7      0xc91 Drivers/STM32F7xx_HAL_Driver/Src/stm32f7xx_hal_cortex.o
 .debug_line    0x0000000000005058      0x90f Drivers/STM32F7xx_HAL_Driver/Src/stm32f7xx_hal_pwr.o
 .debug_line    0x0000000000005967      0x980 Drivers/STM32F7xx_HAL_Driver/Src/stm32f7xx_hal_pwr_ex.o
 .debug_line    0x00000000000062e7      0xe7d Drivers/STM32F7xx_HAL_Driver/Src/stm32f7xx_hal_rcc.o
 .debug_line    0x0000000000007164      0xe59 Drivers/STM32F7xx_HAL_Driver/Src/stm32f7xx_hal_rcc_ex.o

.debug_str      0x0000000000000000    0xfbc68
 .debug_str     0x0000000000000000    0xa2b75 Core/Src/SPI.o
                                      0xa2d77 (size before relaxing)
 .debug_str     0x00000000000a2b75       0x74 Core/Src/UART.o
                                      0xa2cb2 (size before relaxing)
 .debug_str     0x00000000000a2be9    0x56694 Core/Src/main.o
                                      0xf9926 (size before relaxing)
 .debug_str     0x00000000000f927d       0x85 Core/Src/peripherals.o
                                      0xa2d84 (size before relaxing)
 .debug_str     0x00000000000f9302      0xc2c Core/Src/stm32f7xx_hal_msp.o
                                      0xf5ea2 (size before relaxing)
 .debug_str     0x00000000000f9f2e       0xbd Core/Src/stm32f7xx_it.o
                                      0xf512c (size before relaxing)
 .debug_str     0x00000000000f9feb      0x4e9 Core/Src/sysmem.o
                                       0x62ed (size before relaxing)
 .debug_str     0x00000000000fa4d4      0x164 Core/Src/system_stm32f7xx.o
                                      0xf4e0e (size before relaxing)
 .debug_str     0x00000000000fa638       0x36 Core/Startup/startup_stm32f767zitx.o
                                         0x75 (size before relaxing)
 .debug_str     0x00000000000fa66e      0x9f8 Drivers/STM32F7xx_HAL_Driver/Src/stm32f7xx_hal.o
                                      0xf57ac (size before relaxing)
 .debug_str     0x00000000000fb066      0x383 Drivers/STM32F7xx_HAL_Driver/Src/stm32f7xx_hal_cortex.o
                                      0xf5818 (size before relaxing)
 .debug_str     0x00000000000fb3e9      0x2e2 Drivers/STM32F7xx_HAL_Driver/Src/stm32f7xx_hal_pwr.o
                                      0xf50db (size before relaxing)
 .debug_str     0x00000000000fb6cb      0x1bd Drivers/STM32F7xx_HAL_Driver/Src/stm32f7xx_hal_pwr_ex.o
                                      0xf509d (size before relaxing)
 .debug_str     0x00000000000fb888      0x27f Drivers/STM32F7xx_HAL_Driver/Src/stm32f7xx_hal_rcc.o
                                      0xf5157 (size before relaxing)
 .debug_str     0x00000000000fbb07      0x161 Drivers/STM32F7xx_HAL_Driver/Src/stm32f7xx_hal_rcc_ex.o
                                      0xf510c (size before relaxing)

.comment        0x0000000000000000       0x53
 .comment       0x0000000000000000       0x53 Core/Src/SPI.o
                                         0x54 (size before relaxing)
 .comment       0x0000000000000053       0x54 Core/Src/UART.o
 .comment       0x0000000000000053       0x54 Core/Src/main.o
 .comment       0x0000000000000053       0x54 Core/Src/peripherals.o
 .comment       0x0000000000000053       0x54 Core/Src/stm32f7xx_hal_msp.o
 .comment       0x0000000000000053       0x54 Core/Src/stm32f7xx_it.o
 .comment       0x0000000000000053       0x54 Core/Src/sysmem.o
 .comment       0x0000000000000053       0x54 Core/Src/system_stm32f7xx.o
 .comment       0x0000000000000053       0x54 Drivers/STM32F7xx_HAL_Driver/Src/stm32f7xx_hal.o
 .comment       0x0000000000000053       0x54 Drivers/STM32F7xx_HAL_Driver/Src/stm32f7xx_hal_cortex.o
 .comment       0x0000000000000053       0x54 Drivers/STM32F7xx_HAL_Driver/Src/stm32f7xx_hal_pwr.o
 .comment       0x0000000000000053       0x54 Drivers/STM32F7xx_HAL_Driver/Src/stm32f7xx_hal_pwr_ex.o
 .comment       0x0000000000000053       0x54 Drivers/STM32F7xx_HAL_Driver/Src/stm32f7xx_hal_rcc.o
 .comment       0x0000000000000053       0x54 Drivers/STM32F7xx_HAL_Driver/Src/stm32f7xx_hal_rcc_ex.o

.debug_frame    0x0000000000000000     0x1b10
 .debug_frame   0x0000000000000000       0xfc Core/Src/SPI.o
 .debug_frame   0x00000000000000fc       0x94 Core/Src/UART.o
 .debug_frame   0x0000000000000190      0x198 Core/Src/main.o
 .debug_frame   0x0000000000000328       0xf0 Core/Src/peripherals.o
 .debug_frame   0x0000000000000418      0x110 Core/Src/stm32f7xx_hal_msp.o
 .debug_frame   0x0000000000000528      0x104 Core/Src/stm32f7xx_it.o
 .debug_frame   0x000000000000062c       0x34 Core/Src/sysmem.o
 .debug_frame   0x0000000000000660       0x58 Core/Src/system_stm32f7xx.o
 .debug_frame   0x00000000000006b8      0x3f4 Drivers/STM32F7xx_HAL_Driver/Src/stm32f7xx_hal.o
 .debug_frame   0x0000000000000aac      0x498 Drivers/STM32F7xx_HAL_Driver/Src/stm32f7xx_hal_cortex.o
 .debug_frame   0x0000000000000f44      0x254 Drivers/STM32F7xx_HAL_Driver/Src/stm32f7xx_hal_pwr.o
 .debug_frame   0x0000000000001198      0x1c8 Drivers/STM32F7xx_HAL_Driver/Src/stm32f7xx_hal_pwr_ex.o
 .debug_frame   0x0000000000001360      0x1f4 Drivers/STM32F7xx_HAL_Driver/Src/stm32f7xx_hal_rcc.o
 .debug_frame   0x0000000000001554      0x118 Drivers/STM32F7xx_HAL_Driver/Src/stm32f7xx_hal_rcc_ex.o
 .debug_frame   0x000000000000166c       0x20 /opt/st/stm32cubeide_1.6.0/plugins/com.st.stm32cube.ide.mcu.externaltools.gnu-tools-for-stm32.9-2020-q2-update.linux64_1.5.0.202011040924/tools/bin/../lib/gcc/arm-none-eabi/9.3.1/../../../../arm-none-eabi/lib/thumb/v7e-m+dp/hard/libc_nano.a(lib_a-errno.o)
 .debug_frame   0x000000000000168c       0x2c /opt/st/stm32cubeide_1.6.0/plugins/com.st.stm32cube.ide.mcu.externaltools.gnu-tools-for-stm32.9-2020-q2-update.linux64_1.5.0.202011040924/tools/bin/../lib/gcc/arm-none-eabi/9.3.1/../../../../arm-none-eabi/lib/thumb/v7e-m+dp/hard/libc_nano.a(lib_a-init.o)
 .debug_frame   0x00000000000016b8       0x20 /opt/st/stm32cubeide_1.6.0/plugins/com.st.stm32cube.ide.mcu.externaltools.gnu-tools-for-stm32.9-2020-q2-update.linux64_1.5.0.202011040924/tools/bin/../lib/gcc/arm-none-eabi/9.3.1/../../../../arm-none-eabi/lib/thumb/v7e-m+dp/hard/libc_nano.a(lib_a-memset.o)
 .debug_frame   0x00000000000016d8       0x6c /opt/st/stm32cubeide_1.6.0/plugins/com.st.stm32cube.ide.mcu.externaltools.gnu-tools-for-stm32.9-2020-q2-update.linux64_1.5.0.202011040924/tools/bin/../lib/gcc/arm-none-eabi/9.3.1/../../../../arm-none-eabi/lib/thumb/v7e-m+dp/hard/libc_nano.a(lib_a-sprintf.o)
 .debug_frame   0x0000000000001744       0x90 /opt/st/stm32cubeide_1.6.0/plugins/com.st.stm32cube.ide.mcu.externaltools.gnu-tools-for-stm32.9-2020-q2-update.linux64_1.5.0.202011040924/tools/bin/../lib/gcc/arm-none-eabi/9.3.1/../../../../arm-none-eabi/lib/thumb/v7e-m+dp/hard/libc_nano.a(lib_a-nano-svfprintf.o)
 .debug_frame   0x00000000000017d4       0x60 /opt/st/stm32cubeide_1.6.0/plugins/com.st.stm32cube.ide.mcu.externaltools.gnu-tools-for-stm32.9-2020-q2-update.linux64_1.5.0.202011040924/tools/bin/../lib/gcc/arm-none-eabi/9.3.1/../../../../arm-none-eabi/lib/thumb/v7e-m+dp/hard/libc_nano.a(lib_a-nano-vfprintf_i.o)
 .debug_frame   0x0000000000001834       0x28 /opt/st/stm32cubeide_1.6.0/plugins/com.st.stm32cube.ide.mcu.externaltools.gnu-tools-for-stm32.9-2020-q2-update.linux64_1.5.0.202011040924/tools/bin/../lib/gcc/arm-none-eabi/9.3.1/../../../../arm-none-eabi/lib/thumb/v7e-m+dp/hard/libc_nano.a(lib_a-memcpy-stub.o)
 .debug_frame   0x000000000000185c       0x28 /opt/st/stm32cubeide_1.6.0/plugins/com.st.stm32cube.ide.mcu.externaltools.gnu-tools-for-stm32.9-2020-q2-update.linux64_1.5.0.202011040924/tools/bin/../lib/gcc/arm-none-eabi/9.3.1/../../../../arm-none-eabi/lib/thumb/v7e-m+dp/hard/libc_nano.a(lib_a-memmove.o)
 .debug_frame   0x0000000000001884       0x38 /opt/st/stm32cubeide_1.6.0/plugins/com.st.stm32cube.ide.mcu.externaltools.gnu-tools-for-stm32.9-2020-q2-update.linux64_1.5.0.202011040924/tools/bin/../lib/gcc/arm-none-eabi/9.3.1/../../../../arm-none-eabi/lib/thumb/v7e-m+dp/hard/libc_nano.a(lib_a-nano-freer.o)
 .debug_frame   0x00000000000018bc       0x30 /opt/st/stm32cubeide_1.6.0/plugins/com.st.stm32cube.ide.mcu.externaltools.gnu-tools-for-stm32.9-2020-q2-update.linux64_1.5.0.202011040924/tools/bin/../lib/gcc/arm-none-eabi/9.3.1/../../../../arm-none-eabi/lib/thumb/v7e-m+dp/hard/libc_nano.a(lib_a-nano-mallocr.o)
 .debug_frame   0x00000000000018ec       0x3c /opt/st/stm32cubeide_1.6.0/plugins/com.st.stm32cube.ide.mcu.externaltools.gnu-tools-for-stm32.9-2020-q2-update.linux64_1.5.0.202011040924/tools/bin/../lib/gcc/arm-none-eabi/9.3.1/../../../../arm-none-eabi/lib/thumb/v7e-m+dp/hard/libc_nano.a(lib_a-nano-reallocr.o)
 .debug_frame   0x0000000000001928       0x2c /opt/st/stm32cubeide_1.6.0/plugins/com.st.stm32cube.ide.mcu.externaltools.gnu-tools-for-stm32.9-2020-q2-update.linux64_1.5.0.202011040924/tools/bin/../lib/gcc/arm-none-eabi/9.3.1/../../../../arm-none-eabi/lib/thumb/v7e-m+dp/hard/libc_nano.a(lib_a-sbrkr.o)
 .debug_frame   0x0000000000001954       0x30 /opt/st/stm32cubeide_1.6.0/plugins/com.st.stm32cube.ide.mcu.externaltools.gnu-tools-for-stm32.9-2020-q2-update.linux64_1.5.0.202011040924/tools/bin/../lib/gcc/arm-none-eabi/9.3.1/../../../../arm-none-eabi/lib/thumb/v7e-m+dp/hard/libc_nano.a(lib_a-mlock.o)
 .debug_frame   0x0000000000001984       0x20 /opt/st/stm32cubeide_1.6.0/plugins/com.st.stm32cube.ide.mcu.externaltools.gnu-tools-for-stm32.9-2020-q2-update.linux64_1.5.0.202011040924/tools/bin/../lib/gcc/arm-none-eabi/9.3.1/../../../../arm-none-eabi/lib/thumb/v7e-m+dp/hard/libc_nano.a(lib_a-nano-msizer.o)
 .debug_frame   0x00000000000019a4       0x5c /opt/st/stm32cubeide_1.6.0/plugins/com.st.stm32cube.ide.mcu.externaltools.gnu-tools-for-stm32.9-2020-q2-update.linux64_1.5.0.202011040924/tools/bin/../lib/gcc/arm-none-eabi/9.3.1/../../../../arm-none-eabi/lib/thumb/v7e-m+dp/hard/libc_nano.a(lib_a-reent.o)
 .debug_frame   0x0000000000001a00       0xb0 /opt/st/stm32cubeide_1.6.0/plugins/com.st.stm32cube.ide.mcu.externaltools.gnu-tools-for-stm32.9-2020-q2-update.linux64_1.5.0.202011040924/tools/bin/../lib/gcc/arm-none-eabi/9.3.1/../../../../arm-none-eabi/lib/thumb/v7e-m+dp/hard/libc_nano.a(lib_a-lock.o)
 .debug_frame   0x0000000000001ab0       0x2c /opt/st/stm32cubeide_1.6.0/plugins/com.st.stm32cube.ide.mcu.externaltools.gnu-tools-for-stm32.9-2020-q2-update.linux64_1.5.0.202011040924/tools/bin/../lib/gcc/arm-none-eabi/9.3.1/thumb/v7e-m+dp/hard/libgcc.a(_aeabi_uldivmod.o)
 .debug_frame   0x0000000000001adc       0x34 /opt/st/stm32cubeide_1.6.0/plugins/com.st.stm32cube.ide.mcu.externaltools.gnu-tools-for-stm32.9-2020-q2-update.linux64_1.5.0.202011040924/tools/bin/../lib/gcc/arm-none-eabi/9.3.1/thumb/v7e-m+dp/hard/libgcc.a(_udivmoddi4.o)
